Archive member included because of file (symbol)

ym/mbed-drivers/source/mbed-drivers.a(exit.c.o)
                              c:/etc/gnu-tools-arm-embedded/4.9-2015q2/bin/../lib/gcc/arm-none-eabi/4.9.3/../../../../arm-none-eabi/lib/armv7e-m/crt0.o (exit)
ym/mbed-drivers/source/mbed-drivers.a(gpio.c.o)
                              source/CMakeFiles/blinky.dir/D_/Projects/blinky/source/app.cpp.o (gpio_init_out)
ym/mbed-drivers/source/mbed-drivers.a(retarget.cpp.o)
                              c:/etc/gnu-tools-arm-embedded/4.9-2015q2/bin/../lib/gcc/arm-none-eabi/4.9.3/../../../../arm-none-eabi/lib/armv7e-m/crt0.o (__wrap_main)
ym/mbed-drivers/source/mbed-drivers.a(board.c.o)
                              ym/mbed-drivers/source/mbed-drivers.a(exit.c.o) (mbed_die)
ym/mbed-drivers/source/mbed-drivers.a(error.c.o)
                              ym/mbed-drivers/source/mbed-drivers.a(retarget.cpp.o) (error)
ym/mbed-drivers/source/mbed-drivers.a(FilePath.cpp.o)
                              ym/mbed-drivers/source/mbed-drivers.a(retarget.cpp.o) (mbed::FilePath::FilePath(char const*))
ym/mbed-drivers/source/mbed-drivers.a(FileBase.cpp.o)
                              ym/mbed-drivers/source/mbed-drivers.a(FilePath.cpp.o) (mbed::FileBase::lookup(char const*, unsigned int))
ym/mbed-drivers/source/mbed-drivers.a(FileSystemLike.cpp.o)
                              ym/mbed-drivers/source/mbed-drivers.a(retarget.cpp.o) (mbed::FileSystemLike::opendir())
ym/mbed-drivers/source/mbed-drivers.a(wait_api.c.o)
                              ym/mbed-drivers/source/mbed-drivers.a(board.c.o) (wait_ms)
ym/minar/source/minar.a(minar.cpp.o)
                              source/CMakeFiles/blinky.dir/D_/Projects/blinky/source/app.cpp.o (minar::Scheduler::CallbackAdder::period(unsigned long))
ym/core-util/source/core-util.a(PoolAllocator.cpp.o)
                              ym/minar/source/minar.a(minar.cpp.o) (mbed::util::PoolAllocator::align_up(unsigned long, unsigned long))
ym/core-util/source/core-util.a(core-util_mbed_os.c.o)
                              ym/minar/source/minar.a(minar.cpp.o) (core_util_runtime_error_internal)
ym/core-util/source/core-util.a(ExtendablePoolAllocator.cpp.o)
                              ym/minar/source/minar.a(minar.cpp.o) (mbed::util::ExtendablePoolAllocator::ExtendablePoolAllocator())
ym/mbed-hal-st-stm32f4/source/mbed-hal-st-stm32f4.a(us_ticker.c.o)
                              ym/mbed-drivers/source/mbed-drivers.a(wait_api.c.o) (us_ticker_read)
ym/mbed-hal-st-stm32f4/source/mbed-hal-st-stm32f4.a(hal_api.c.o)
                              ym/mbed-drivers/source/mbed-drivers.a(retarget.cpp.o) (mbed_hal_init)
ym/mbed-hal-st-stm32f4/source/mbed-hal-st-stm32f4.a(serial_api.c.o)
                              ym/mbed-drivers/source/mbed-drivers.a(retarget.cpp.o) (serial_init)
ym/mbed-hal-st-stm32f4/source/mbed-hal-st-stm32f4.a(gpio_api.c.o)
                              ym/mbed-drivers/source/mbed-drivers.a(gpio.c.o) (gpio_init)
ym/mbed-hal-st-stm32f4/source/mbed-hal-st-stm32f4.a(hal_tick.c.o)
                              ym/mbed-hal-st-stm32f4/source/mbed-hal-st-stm32f4.a(us_ticker.c.o) (HAL_InitTick)
ym/mbed-hal-st-stm32f4/source/mbed-hal-st-stm32f4.a(pinmap.c.o)
                              ym/mbed-hal-st-stm32f4/source/mbed-hal-st-stm32f4.a(gpio_api.c.o) (Set_GPIO_Clock)
ym/minar-platform-mbed/source/minar-platform-mbed.a(mbed_platform.cpp.o)
                              ym/minar/source/minar.a(minar.cpp.o) (minar::platform::init())
ym/mbed-hal-st-stm32cubef4/source/mbed-hal-st-stm32cubef4.a(stm32f4xx_hal_tim.c.o)
                              ym/mbed-hal-st-stm32f4/source/mbed-hal-st-stm32f4.a(hal_tick.c.o) (HAL_TIM_OC_Init)
ym/mbed-hal-st-stm32cubef4/source/mbed-hal-st-stm32cubef4.a(stm32f4xx_hal_dma.c.o)
                              ym/mbed-hal-st-stm32cubef4/source/mbed-hal-st-stm32cubef4.a(stm32f4xx_hal_tim.c.o) (HAL_DMA_Start_IT)
ym/mbed-hal-st-stm32cubef4/source/mbed-hal-st-stm32cubef4.a(stm32f4xx_hal_uart.c.o)
                              ym/mbed-hal-st-stm32f4/source/mbed-hal-st-stm32f4.a(serial_api.c.o) (HAL_UART_Init)
ym/mbed-hal-st-stm32cubef4/source/mbed-hal-st-stm32cubef4.a(stm32f4xx_hal_gpio.c.o)
                              ym/mbed-hal-st-stm32f4/source/mbed-hal-st-stm32f4.a(pinmap.c.o) (HAL_GPIO_Init)
ym/mbed-hal-st-stm32cubef4/source/mbed-hal-st-stm32cubef4.a(stm32f4xx_hal.c.o)
                              ym/mbed-hal-st-stm32f4/source/mbed-hal-st-stm32f4.a(hal_api.c.o) (HAL_Init)
ym/mbed-hal-st-stm32cubef4/source/mbed-hal-st-stm32cubef4.a(stm32f4xx_hal_rcc.c.o)
                              ym/mbed-hal-st-stm32cubef4/source/mbed-hal-st-stm32cubef4.a(stm32f4xx_hal.c.o) (HAL_RCC_GetHCLKFreq)
ym/mbed-hal-st-stm32cubef4/source/mbed-hal-st-stm32cubef4.a(stm32f4xx_hal_cortex.c.o)
                              ym/mbed-hal-st-stm32cubef4/source/mbed-hal-st-stm32cubef4.a(stm32f4xx_hal.c.o) (HAL_NVIC_SetPriority)
[...]
Memory Configuration

Name             Origin             Length             Attributes
VECTORS          0x08000000         0x00000400         xr
FLASH            0x08000400         0x0007fc00         xr
RAM              0x20000194         0x00017e6c         xrw
*default*        0x00000000         0xffffffff

Linker script and memory map

LOAD c:/etc/gnu-tools-arm-embedded/4.9-2015q2/bin/../lib/gcc/arm-none-eabi/4.9.3/armv7e-m/crti.o
LOAD c:/etc/gnu-tools-arm-embedded/4.9-2015q2/bin/../lib/gcc/arm-none-eabi/4.9.3/armv7e-m/crtbegin.o
LOAD c:/etc/gnu-tools-arm-embedded/4.9-2015q2/bin/../lib/gcc/arm-none-eabi/4.9.3/../../../../arm-none-eabi/lib/armv7e-m/crt0.o
START GROUP
LOAD source/CMakeFiles/blinky.dir/D_/Projects/blinky/source/app.cpp.o
LOAD ym/mbed-drivers/source/mbed-drivers.a
LOAD ym/mbed-hal/source/mbed-hal.a
LOAD ym/cmsis-core/source/cmsis-core.a
LOAD ym/minar/source/minar.a
LOAD ym/core-util/source/core-util.a
LOAD ym/mbed-hal-st/yotta_dummy_lib_mbed_hal_st/mbed-hal-st.a
LOAD ym/cmsis-core-st/yotta_dummy_lib_cmsis_core_st/cmsis-core-st.a
LOAD ym/minar-platform/yotta_dummy_lib_minar_platform/minar-platform.a
LOAD ym/mbed-hal-st-stm32f4/source/mbed-hal-st-stm32f4.a
LOAD ym/cmsis-core-stm32f4/yotta_dummy_lib_cmsis_core_stm32f4/cmsis-core-stm32f4.a
LOAD ym/minar-platform-mbed/source/minar-platform-mbed.a
LOAD ym/mbed-hal-st-stm32cubef4/source/mbed-hal-st-stm32cubef4.a
LOAD ym/mbed-hal-st-stm32f401re/source/mbed-hal-st-stm32f401re.a
LOAD ym/cmsis-core-stm32f401xe/source/cmsis-core-stm32f401xe.a
LOAD ym/mbed-drivers/source/mbed-drivers.a
LOAD ym/mbed-hal/source/mbed-hal.a
LOAD ym/cmsis-core/source/cmsis-core.a
LOAD ym/minar/source/minar.a
LOAD ym/core-util/source/core-util.a
LOAD ym/mbed-hal-st/yotta_dummy_lib_mbed_hal_st/mbed-hal-st.a
LOAD ym/cmsis-core-st/yotta_dummy_lib_cmsis_core_st/cmsis-core-st.a
LOAD ym/minar-platform/yotta_dummy_lib_minar_platform/minar-platform.a
LOAD ym/mbed-hal-st-stm32f4/source/mbed-hal-st-stm32f4.a
LOAD ym/cmsis-core-stm32f4/yotta_dummy_lib_cmsis_core_stm32f4/cmsis-core-stm32f4.a
LOAD ym/minar-platform-mbed/source/minar-platform-mbed.a
LOAD ym/mbed-hal-st-stm32cubef4/source/mbed-hal-st-stm32cubef4.a
LOAD ym/mbed-hal-st-stm32f401re/source/mbed-hal-st-stm32f401re.a
LOAD ym/cmsis-core-stm32f401xe/source/cmsis-core-stm32f401xe.a
LOAD ym/compiler-polyfill/yotta_dummy_lib_compiler_polyfill/compiler-polyfill.a
LOAD ym/ualloc/source/ualloc.a
LOAD ym/dlmalloc/source/dlmalloc.a
LOAD ym/uvisor-lib/source/uvisor-lib.a
LOAD c:/etc/gnu-tools-arm-embedded/4.9-2015q2/bin/../lib/gcc/arm-none-eabi/4.9.3/../../../../arm-none-eabi/lib/armv7e-m\libstdc++_nano.a
LOAD c:/etc/gnu-tools-arm-embedded/4.9-2015q2/bin/../lib/gcc/arm-none-eabi/4.9.3/../../../../arm-none-eabi/lib/armv7e-m\libsupc++_nano.a
LOAD c:/etc/gnu-tools-arm-embedded/4.9-2015q2/bin/../lib/gcc/arm-none-eabi/4.9.3/armv7e-m\libgcc.a
LOAD c:/etc/gnu-tools-arm-embedded/4.9-2015q2/bin/../lib/gcc/arm-none-eabi/4.9.3/../../../../arm-none-eabi/lib/armv7e-m\libstdc++_nano.a
LOAD c:/etc/gnu-tools-arm-embedded/4.9-2015q2/bin/../lib/gcc/arm-none-eabi/4.9.3/../../../../arm-none-eabi/lib/armv7e-m\libsupc++_nano.a
LOAD c:/etc/gnu-tools-arm-embedded/4.9-2015q2/bin/../lib/gcc/arm-none-eabi/4.9.3/../../../../arm-none-eabi/lib/armv7e-m\libm.a
LOAD c:/etc/gnu-tools-arm-embedded/4.9-2015q2/bin/../lib/gcc/arm-none-eabi/4.9.3/../../../../arm-none-eabi/lib/armv7e-m\libc_nano.a
LOAD c:/etc/gnu-tools-arm-embedded/4.9-2015q2/bin/../lib/gcc/arm-none-eabi/4.9.3/armv7e-m\libgcc.a
END GROUP
LOAD c:/etc/gnu-tools-arm-embedded/4.9-2015q2/bin/../lib/gcc/arm-none-eabi/4.9.3/../../../../arm-none-eabi/lib/armv7e-m\libstdc++_nano.a
LOAD c:/etc/gnu-tools-arm-embedded/4.9-2015q2/bin/../lib/gcc/arm-none-eabi/4.9.3/../../../../arm-none-eabi/lib/armv7e-m\libm.a
LOAD c:/etc/gnu-tools-arm-embedded/4.9-2015q2/bin/../lib/gcc/arm-none-eabi/4.9.3/../../../../arm-none-eabi/lib/armv7e-m\libc_nano.a
START GROUP
LOAD c:/etc/gnu-tools-arm-embedded/4.9-2015q2/bin/../lib/gcc/arm-none-eabi/4.9.3/armv7e-m\libgcc.a
LOAD c:/etc/gnu-tools-arm-embedded/4.9-2015q2/bin/../lib/gcc/arm-none-eabi/4.9.3/../../../../arm-none-eabi/lib/armv7e-m\libc_nano.a
END GROUP
START GROUP
LOAD c:/etc/gnu-tools-arm-embedded/4.9-2015q2/bin/../lib/gcc/arm-none-eabi/4.9.3/armv7e-m\libgcc.a
LOAD c:/etc/gnu-tools-arm-embedded/4.9-2015q2/bin/../lib/gcc/arm-none-eabi/4.9.3/../../../../arm-none-eabi/lib/armv7e-m\libc_nano.a
END GROUP
LOAD c:/etc/gnu-tools-arm-embedded/4.9-2015q2/bin/../lib/gcc/arm-none-eabi/4.9.3/armv7e-m/crtend.o
LOAD c:/etc/gnu-tools-arm-embedded/4.9-2015q2/bin/../lib/gcc/arm-none-eabi/4.9.3/armv7e-m/crtn.o

.isr_vector     0x08000000      0x194
                0x08000000                __vector_table = .
 *(SORT(.isr_vector))
 .isr_vector    0x08000000      0x194 ym/mbed-hal-st-stm32f401re/source/mbed-hal-st-stm32f401re.a(startup_stm32f401xe.s.obj)
                0x08000000                g_pfnVectors
                0x08000194                . = ALIGN (0x4)

.uvisor.bss     0x20000194        0xc
                0x200001a0                . = ALIGN (0x20)
 *fill*         0x20000194        0xc 
                0x200001a0                __uvisor_bss_start = .
                0x200001a0                . = ALIGN (0x20)
                0x200001a0                __uvisor_bss_main_start = .
 *(SORT(.keep.uvisor.bss.main))
                0x200001a0                . = ALIGN (0x20)
                0x200001a0                __uvisor_bss_main_end = .
                0x200001a0                . = ALIGN (0x20)
                0x200001a0                __uvisor_bss_boxes_start = .
 *(SORT(.keep.uvisor.bss.boxes))
                0x200001a0                . = ALIGN (0x20)
                0x200001a0                __uvisor_bss_boxes_end = .
                0x200001a0                . = ALIGN (0x20)
                0x200001a0                __uvisor_bss_end = .

.text           0x08000400     0x5020
                0x08000400                . = ALIGN (0x4)
                0x08000400                __uvisor_main_start = .
 *(SORT(.uvisor.main))
 .uvisor.main   0x08000400        0x2 ym/uvisor-lib/source/uvisor-lib.a(unsupported.cpp.o)
                0x08000400                uvisor_init
                0x08000402                __uvisor_main_end = .
 *(SORT(.text*))
 *fill*         0x08000402        0x2 
 .text          0x08000404       0x5c c:/etc/gnu-tools-arm-embedded/4.9-2015q2/bin/../lib/gcc/arm-none-eabi/4.9.3/armv7e-m/crtbegin.o
 .text          0x08000460       0x74 c:/etc/gnu-tools-arm-embedded/4.9-2015q2/bin/../lib/gcc/arm-none-eabi/4.9.3/../../../../arm-none-eabi/lib/armv7e-m/crt0.o
                0x08000460                _start
                0x08000460                _mainCRTStartup
 .text._ZN4mbed4util19FunctionPointerBindIvED2Ev
                0x080004d4       0x18 source/CMakeFiles/blinky.dir/D_/Projects/blinky/source/app.cpp.o
                0x080004d4                mbed::util::FunctionPointerBind<void>::~FunctionPointerBind()
                0x080004d4                mbed::util::FunctionPointerBind<void>::~FunctionPointerBind()
 .text._ZN4mbed4util19FunctionPointerBindIvE5clearEv
                0x080004ec       0x24 source/CMakeFiles/blinky.dir/D_/Projects/blinky/source/app.cpp.o
                0x080004ec                mbed::util::FunctionPointerBind<void>::clear()
 .text._ZL6blinkyv
                0x08000510       0x58 source/CMakeFiles/blinky.dir/D_/Projects/blinky/source/app.cpp.o
 .text._ZN4mbed4util19FunctionPointerBindIvE4bindINS0_16FunctionPointer0IvE10arg_structEEERS2_PKNS0_19FunctionPointerBaseIvE6ArgOpsEPT_PS9_z
                0x08000568       0x64 source/CMakeFiles/blinky.dir/D_/Projects/blinky/source/app.cpp.o
                0x08000568                mbed::util::FunctionPointerBind<void>& mbed::util::FunctionPointerBind<void>::bind<mbed::util::FunctionPointer0<void>::arg_struct>(mbed::util::FunctionPointerBase<void>::ArgOps const*, mbed::util::FunctionPointer0<void>::arg_struct*, mbed::util::FunctionPointerBase<void>*, ...)
 .text.app_start
                0x080005cc       0x7c source/CMakeFiles/blinky.dir/D_/Projects/blinky/source/app.cpp.o
                0x080005cc                app_start
 .text.exit     0x08000648       0x24 ym/mbed-drivers/source/mbed-drivers.a(exit.c.o)
                0x08000648                exit
 .text._ZL11init_serialv
                0x0800066c       0x2c ym/mbed-drivers/source/mbed-drivers.a(retarget.cpp.o)
 .text._close   0x08000698       0x2c ym/mbed-drivers/source/mbed-drivers.a(retarget.cpp.o)
                0x08000698                _close
 .text._write   0x080006c4       0x50 ym/mbed-drivers/source/mbed-drivers.a(retarget.cpp.o)
                0x080006c4                _write
 .text._read    0x08000714       0x44 ym/mbed-drivers/source/mbed-drivers.a(retarget.cpp.o)
                0x08000714                _read
 .text._isatty  0x08000758       0x24 ym/mbed-drivers/source/mbed-drivers.a(retarget.cpp.o)
                0x08000758                _isatty
 .text._lseek   0x0800077c       0x24 ym/mbed-drivers/source/mbed-drivers.a(retarget.cpp.o)
                0x0800077c                _lseek
 .text._ZN4mbed4util19FunctionPointerBindIvE4bindINS0_16FunctionPointer2IviPPcE10arg_structEEERS2_PKNS0_19FunctionPointerBaseIvE6ArgOpsEPT_PSB_z
                0x080007a0       0x64 ym/mbed-drivers/source/mbed-drivers.a(retarget.cpp.o)
                0x080007a0                mbed::util::FunctionPointerBind<void>& mbed::util::FunctionPointerBind<void>::bind<mbed::util::FunctionPointer2<void, int, char**>::arg_struct>(mbed::util::FunctionPointerBase<void>::ArgOps const*, mbed::util::FunctionPointer2<void, int, char**>::arg_struct*, mbed::util::FunctionPointerBase<void>*, ...)
 .text.startup.main
                0x08000804       0x84 ym/mbed-drivers/source/mbed-drivers.a(retarget.cpp.o)
                0x08000804                main
 .text.error    0x08000888       0x20 ym/mbed-drivers/source/mbed-drivers.a(error.c.o)
                0x08000888                error
 .text._ZN5minar12CallbackNode13get_allocatorEv
                0x080008a8       0x48 ym/minar/source/minar.a(minar.cpp.o)
                0x080008a8                minar::CallbackNode::get_allocator()
 .text._ZN4mbed4util19FunctionPointerBindIvEC2ERKS2_
                0x080008f0       0x58 ym/minar/source/minar.a(minar.cpp.o)
                0x080008f0                mbed::util::FunctionPointerBind<void>::FunctionPointerBind(mbed::util::FunctionPointerBind<void> const&)
                0x080008f0                mbed::util::FunctionPointerBind<void>::FunctionPointerBind(mbed::util::FunctionPointerBind<void> const&)
 .text._ZNK4mbed4util10BinaryHeapIPN5minar12CallbackNodeENS2_13SchedulerData19CallbackNodeCompareEE8get_rootEv
                0x08000948       0x28 ym/minar/source/minar.a(minar.cpp.o)
                0x08000948                mbed::util::BinaryHeap<minar::CallbackNode*, minar::SchedulerData::CallbackNodeCompare>::get_root() const
 .text._ZN5minar13SchedulerDataC2Ev
                0x08000970       0x60 ym/minar/source/minar.a(minar.cpp.o)
                0x08000970                minar::SchedulerData::SchedulerData()
                0x08000970                minar::SchedulerData::SchedulerData()
 .text._ZN5minar9Scheduler8instanceEv
                0x080009d0       0x34 ym/minar/source/minar.a(minar.cpp.o)
                0x080009d0                minar::Scheduler::instance()
 .text._ZN5minar9Scheduler12postCallbackERKN4mbed4util19FunctionPointerBindIvEE
                0x08000a04       0x34 ym/minar/source/minar.a(minar.cpp.o)
                0x08000a04                minar::Scheduler::postCallback(mbed::util::FunctionPointerBind<void> const&)
 .text._ZN5minar13SchedulerData5startEv
                0x08000a38      0x174 ym/minar/source/minar.a(minar.cpp.o)
                0x08000a38                minar::SchedulerData::start()
 .text._ZN5minar9Scheduler5startEv
                0x08000bac       0x18 ym/minar/source/minar.a(minar.cpp.o)
                0x08000bac                minar::Scheduler::start()
 .text._ZN5minar13SchedulerData11postGenericEN4mbed4util19FunctionPointerBindIvEEmmm
                0x08000bc4       0x5c ym/minar/source/minar.a(minar.cpp.o)
                0x08000bc4                minar::SchedulerData::postGeneric(mbed::util::FunctionPointerBind<void>, unsigned long, unsigned long, unsigned long)
 .text.core_util_runtime_error_internal
                0x08000c20       0x38 ym/core-util/source/core-util.a(core-util_mbed_os.c.o)
                0x08000c20                core_util_runtime_error_internal
 .text.us_ticker_init
                0x08000c58       0x24 ym/mbed-hal-st-stm32f4/source/mbed-hal-st-stm32f4.a(us_ticker.c.o)
                0x08000c58                us_ticker_init
 .text.us_ticker_read
                0x08000c7c       0x1c ym/mbed-hal-st-stm32f4/source/mbed-hal-st-stm32f4.a(us_ticker.c.o)
                0x08000c7c                us_ticker_read
 .text.us_ticker_set_interrupt
                0x08000c98       0x14 ym/mbed-hal-st-stm32f4/source/mbed-hal-st-stm32f4.a(us_ticker.c.o)
                0x08000c98                us_ticker_set_interrupt
 .text.us_ticker_disable_interrupt
                0x08000cac       0x14 ym/mbed-hal-st-stm32f4/source/mbed-hal-st-stm32f4.a(us_ticker.c.o)
                0x08000cac                us_ticker_disable_interrupt
 .text.us_ticker_clear_interrupt
                0x08000cc0       0x10 ym/mbed-hal-st-stm32f4/source/mbed-hal-st-stm32f4.a(us_ticker.c.o)
                0x08000cc0                us_ticker_clear_interrupt
 .text.serial_init
                0x08000cd0      0x13c ym/mbed-hal-st-stm32f4/source/mbed-hal-st-stm32f4.a(serial_api.c.o)
                0x08000cd0                serial_init
 .text.serial_baud
                0x08000e0c       0x14 ym/mbed-hal-st-stm32f4/source/mbed-hal-st-stm32f4.a(serial_api.c.o)
                0x08000e0c                serial_baud
 .text.serial_readable
                0x08000e20       0x14 ym/mbed-hal-st-stm32f4/source/mbed-hal-st-stm32f4.a(serial_api.c.o)
                0x08000e20                serial_readable
 .text.serial_getc
                0x08000e34       0x24 ym/mbed-hal-st-stm32f4/source/mbed-hal-st-stm32f4.a(serial_api.c.o)
                0x08000e34                serial_getc
 .text.serial_writable
                0x08000e58       0x14 ym/mbed-hal-st-stm32f4/source/mbed-hal-st-stm32f4.a(serial_api.c.o)
                0x08000e58                serial_writable
 .text.serial_putc
                0x08000e6c       0x24 ym/mbed-hal-st-stm32f4/source/mbed-hal-st-stm32f4.a(serial_api.c.o)
                0x08000e6c                serial_putc
 .text.timer_irq_handler
                0x08000e90       0x50 ym/mbed-hal-st-stm32f4/source/mbed-hal-st-stm32f4.a(hal_tick.c.o)
                0x08000e90                timer_irq_handler
 .text.HAL_InitTick
                0x08000ee0       0xc0 ym/mbed-hal-st-stm32f4/source/mbed-hal-st-stm32f4.a(hal_tick.c.o)
                0x08000ee0                HAL_InitTick
 .text.Set_GPIO_Clock
                0x08000fa0       0xd0 ym/mbed-hal-st-stm32f4/source/mbed-hal-st-stm32f4.a(pinmap.c.o)
                0x08000fa0                Set_GPIO_Clock
 .text.pin_function
                0x08001070       0x44 ym/mbed-hal-st-stm32f4/source/mbed-hal-st-stm32f4.a(pinmap.c.o)
                0x08001070                pin_function
 .text.TIM_Base_SetConfig
                0x080010b4       0x98 ym/mbed-hal-st-stm32cubef4/source/mbed-hal-st-stm32cubef4.a(stm32f4xx_hal_tim.c.o)
                0x080010b4                TIM_Base_SetConfig
 .text.HAL_TIM_OC_Start
                0x0800114c       0x2c ym/mbed-hal-st-stm32cubef4/source/mbed-hal-st-stm32cubef4.a(stm32f4xx_hal_tim.c.o)
                0x0800114c                HAL_TIM_OC_Start
 .text.UART_SetConfig
                0x08001178      0x148 ym/mbed-hal-st-stm32cubef4/source/mbed-hal-st-stm32cubef4.a(stm32f4xx_hal_uart.c.o)
 .text.HAL_GPIO_Init
                0x080012c0      0x198 ym/mbed-hal-st-stm32cubef4/source/mbed-hal-st-stm32cubef4.a(stm32f4xx_hal_gpio.c.o)
                0x080012c0                HAL_GPIO_Init
 .text.HAL_Init
                0x08001458       0x34 ym/mbed-hal-st-stm32cubef4/source/mbed-hal-st-stm32cubef4.a(stm32f4xx_hal.c.o)
                0x08001458                HAL_Init
 .text.HAL_IncTick
                0x0800148c       0x10 ym/mbed-hal-st-stm32cubef4/source/mbed-hal-st-stm32cubef4.a(stm32f4xx_hal.c.o)
                0x0800148c                HAL_IncTick
 .text.HAL_GetTick
                0x0800149c        0xc ym/mbed-hal-st-stm32cubef4/source/mbed-hal-st-stm32cubef4.a(stm32f4xx_hal.c.o)
                0x0800149c                HAL_GetTick
 .text.HAL_RCC_OscConfig
                0x080014a8      0x320 ym/mbed-hal-st-stm32cubef4/source/mbed-hal-st-stm32cubef4.a(stm32f4xx_hal_rcc.c.o)
                0x080014a8                HAL_RCC_OscConfig
 .text.HAL_RCC_ClockConfig
                0x080017c8      0x208 ym/mbed-hal-st-stm32cubef4/source/mbed-hal-st-stm32cubef4.a(stm32f4xx_hal_rcc.c.o)
                0x080017c8                HAL_RCC_ClockConfig
 .text.HAL_RCC_GetSysClockFreq
                0x080019d0       0x84 ym/mbed-hal-st-stm32cubef4/source/mbed-hal-st-stm32cubef4.a(stm32f4xx_hal_rcc.c.o)
                0x080019d0                HAL_RCC_GetSysClockFreq
 .text.HAL_RCC_GetHCLKFreq
                0x08001a54       0x38 ym/mbed-hal-st-stm32cubef4/source/mbed-hal-st-stm32cubef4.a(stm32f4xx_hal_rcc.c.o)
                0x08001a54                HAL_RCC_GetHCLKFreq
 .text.HAL_RCC_GetPCLK1Freq
                0x08001a8c       0x30 ym/mbed-hal-st-stm32cubef4/source/mbed-hal-st-stm32cubef4.a(stm32f4xx_hal_rcc.c.o)
                0x08001a8c                HAL_RCC_GetPCLK1Freq
 .text.HAL_RCC_GetPCLK2Freq
                0x08001abc       0x30 ym/mbed-hal-st-stm32cubef4/source/mbed-hal-st-stm32cubef4.a(stm32f4xx_hal_rcc.c.o)
                0x08001abc                HAL_RCC_GetPCLK2Freq
 .text.HAL_RCC_GetClockConfig
                0x08001aec       0x3c ym/mbed-hal-st-stm32cubef4/source/mbed-hal-st-stm32cubef4.a(stm32f4xx_hal_rcc.c.o)
                0x08001aec                HAL_RCC_GetClockConfig
 .text.HAL_NVIC_SetPriorityGrouping
                0x08001b28       0x24 ym/mbed-hal-st-stm32cubef4/source/mbed-hal-st-stm32cubef4.a(stm32f4xx_hal_cortex.c.o)
                0x08001b28                HAL_NVIC_SetPriorityGrouping
 .text.Reset_Handler
                0x08001b4c       0x50 ym/mbed-hal-st-stm32f401re/source/mbed-hal-st-stm32f401re.a(startup_stm32f401xe.s.obj)
                0x08001b4c                Reset_Handler
 .text.SystemCoreClockUpdate
                0x08001b9c       0x74 ym/cmsis-core-stm32f401xe/source/cmsis-core-stm32f401xe.a(system_stm32f4xx.c.o)
                0x08001b9c                SystemCoreClockUpdate
 .text.SetSysClock_PLL_HSE
                0x08001c10       0x8c ym/cmsis-core-stm32f401xe/source/cmsis-core-stm32f401xe.a(system_stm32f4xx.c.o)
                0x08001c10                SetSysClock_PLL_HSE
 .text.SetSysClock_PLL_HSI
                0x08001c9c       0x8c ym/cmsis-core-stm32f401xe/source/cmsis-core-stm32f401xe.a(system_stm32f4xx.c.o)
                0x08001c9c                SetSysClock_PLL_HSI
 .text.SystemInit
                0x08001d28       0x68 ym/cmsis-core-stm32f401xe/source/cmsis-core-stm32f401xe.a(system_stm32f4xx.c.o)
                0x08001d28                SystemInit
 .text.pinmap_pinout
                0x08001d90       0x3c ym/mbed-drivers/source/mbed-drivers.a(pinmap_common.c.o)
                0x08001d90                pinmap_pinout
 .text.pinmap_merge
                0x08001dcc       0x24 ym/mbed-drivers/source/mbed-drivers.a(pinmap_common.c.o)
                0x08001dcc                pinmap_merge
 .text.pinmap_peripheral
                0x08001df0       0x20 ym/mbed-drivers/source/mbed-drivers.a(pinmap_common.c.o)
                0x08001df0                pinmap_peripheral
 .text.us_ticker_irq_handler
                0x08001e10        0xc ym/mbed-drivers/source/mbed-drivers.a(us_ticker_api.c.o)
                0x08001e10                us_ticker_irq_handler
 .text.NVIC_SetVector
                0x08001e1c       0x40 ym/cmsis-core/source/cmsis-core.a(cmsis_nvic.c.o)
                0x08001e1c                NVIC_SetVector
 .text.lp_handler
                0x08001e5c       0x1c ym/mbed-hal-st-stm32f4/source/mbed-hal-st-stm32f4.a(lp_ticker.c.o)
 .text.lp_ticker_init
                0x08001e78       0xa8 ym/mbed-hal-st-stm32f4/source/mbed-hal-st-stm32f4.a(lp_ticker.c.o)
                0x08001e78                lp_ticker_init
 .text.lp_ticker_read
                0x08001f20       0x18 ym/mbed-hal-st-stm32f4/source/mbed-hal-st-stm32f4.a(lp_ticker.c.o)
                0x08001f20                lp_ticker_read
 .text.lp_ticker_set_interrupt
                0x08001f38       0x14 ym/mbed-hal-st-stm32f4/source/mbed-hal-st-stm32f4.a(lp_ticker.c.o)
                0x08001f38                lp_ticker_set_interrupt
 .text.mbed_enter_sleep
                0x08001f4c       0x18 ym/mbed-hal-st-stm32f4/source/mbed-hal-st-stm32f4.a(sleep.c.o)
                0x08001f4c                mbed_enter_sleep
 .text.HAL_PWR_EnterSLEEPMode
                0x08001f64       0x20 ym/mbed-hal-st-stm32cubef4/source/mbed-hal-st-stm32cubef4.a(stm32f4xx_hal_pwr.c.o)
                0x08001f64                HAL_PWR_EnterSLEEPMode
 .text.mbed_ufree
                0x08001f84       0x1c ym/ualloc/source/ualloc.a(ualloc.c.o)
                0x08001f84                mbed_ufree
 .text.init_mparams
                0x08001fa0       0x40 ym/dlmalloc/source/dlmalloc.a(dlmalloc.c.o)
 .text.init_top.constprop.16
                0x08001fe0       0x38 ym/dlmalloc/source/dlmalloc.a(dlmalloc.c.o)
 .text.segment_holding.constprop.18
                0x08002018       0x20 ym/dlmalloc/source/dlmalloc.a(dlmalloc.c.o)
 .text.dlmalloc
                0x08002038      0xe2c ym/dlmalloc/source/dlmalloc.a(dlmalloc.c.o)
                0x08002038                dlmalloc
 .text.dlfree   0x08002e64      0x438 ym/dlmalloc/source/dlmalloc.a(dlmalloc.c.o)
                0x08002e64                dlfree
 .text._ZSt15get_new_handlerv
                0x0800329c       0x10 c:/etc/gnu-tools-arm-embedded/4.9-2015q2/bin/../lib/gcc/arm-none-eabi/4.9.3/../../../../arm-none-eabi/lib/armv7e-m\libstdc++_nano.a(new_handler.o)
                0x0800329c                std::get_new_handler()
 .text          0x080032ac       0x30 c:/etc/gnu-tools-arm-embedded/4.9-2015q2/bin/../lib/gcc/arm-none-eabi/4.9.3/armv7e-m\libgcc.a(_aeabi_uldivmod.o)
                0x080032ac                __aeabi_uldivmod
 .text          0x080032dc       0x60 c:/etc/gnu-tools-arm-embedded/4.9-2015q2/bin/../lib/gcc/arm-none-eabi/4.9.3/armv7e-m\libgcc.a(bpabi.o)
                0x080032dc                __gnu_ldivmod_helper
                0x0800330c                __gnu_uldivmod_helper
 .text          0x0800333c        0x4 c:/etc/gnu-tools-arm-embedded/4.9-2015q2/bin/../lib/gcc/arm-none-eabi/4.9.3/armv7e-m\libgcc.a(_dvmd_tls.o)
                0x0800333c                __aeabi_idiv0
                0x0800333c                __aeabi_ldiv0
 .text          0x08003340      0x29c c:/etc/gnu-tools-arm-embedded/4.9-2015q2/bin/../lib/gcc/arm-none-eabi/4.9.3/armv7e-m\libgcc.a(_divdi3.o)
                0x08003340                __divdi3
 .text          0x080035dc      0x26c c:/etc/gnu-tools-arm-embedded/4.9-2015q2/bin/../lib/gcc/arm-none-eabi/4.9.3/armv7e-m\libgcc.a(_udivdi3.o)
                0x080035dc                __udivdi3
 .text.__errno  0x08003848        0xc c:/etc/gnu-tools-arm-embedded/4.9-2015q2/bin/../lib/gcc/arm-none-eabi/4.9.3/../../../../arm-none-eabi/lib/armv7e-m\libc_nano.a(lib_a-errno.o)
                0x08003848                __errno
 .text._fflush_r
                0x08003854       0x54 c:/etc/gnu-tools-arm-embedded/4.9-2015q2/bin/../lib/gcc/arm-none-eabi/4.9.3/../../../../arm-none-eabi/lib/armv7e-m\libc_nano.a(lib_a-fflush.o)
                0x08003854                _fflush_r
 .text.fflush   0x080038a8       0x24 c:/etc/gnu-tools-arm-embedded/4.9-2015q2/bin/../lib/gcc/arm-none-eabi/4.9.3/../../../../arm-none-eabi/lib/armv7e-m\libc_nano.a(lib_a-fflush.o)
                0x080038a8                fflush
 .text._cleanup_r
                0x080038cc        0xc c:/etc/gnu-tools-arm-embedded/4.9-2015q2/bin/../lib/gcc/arm-none-eabi/4.9.3/../../../../arm-none-eabi/lib/armv7e-m\libc_nano.a(lib_a-findfp.o)
                0x080038cc                _cleanup_r
 .text.std.isra.0
                0x080038d8       0x48 c:/etc/gnu-tools-arm-embedded/4.9-2015q2/bin/../lib/gcc/arm-none-eabi/4.9.3/../../../../arm-none-eabi/lib/armv7e-m\libc_nano.a(lib_a-findfp.o)
 .text.__sinit  0x08003920       0x60 c:/etc/gnu-tools-arm-embedded/4.9-2015q2/bin/../lib/gcc/arm-none-eabi/4.9.3/../../../../arm-none-eabi/lib/armv7e-m\libc_nano.a(lib_a-findfp.o)
                0x08003920                __sinit
 .text.__sfp    0x08003980       0x74 c:/etc/gnu-tools-arm-embedded/4.9-2015q2/bin/../lib/gcc/arm-none-eabi/4.9.3/../../../../arm-none-eabi/lib/armv7e-m\libc_nano.a(lib_a-findfp.o)
                0x08003980                __sfp
 .text.fprintf  0x080039f4       0x24 c:/etc/gnu-tools-arm-embedded/4.9-2015q2/bin/../lib/gcc/arm-none-eabi/4.9.3/../../../../arm-none-eabi/lib/armv7e-m\libc_nano.a(lib_a-fprintf.o)
                0x080039f4                fiprintf
                0x080039f4                fprintf
 .text.__libc_init_array
                0x08003a18       0x4c c:/etc/gnu-tools-arm-embedded/4.9-2015q2/bin/../lib/gcc/arm-none-eabi/4.9.3/../../../../arm-none-eabi/lib/armv7e-m\libc_nano.a(lib_a-init.o)
                0x08003a18                __libc_init_array
 .text.malloc   0x08003a64       0x10 c:/etc/gnu-tools-arm-embedded/4.9-2015q2/bin/../lib/gcc/arm-none-eabi/4.9.3/../../../../arm-none-eabi/lib/armv7e-m\libc_nano.a(lib_a-malloc.o)
                0x08003a64                malloc
 .text.free     0x08003a74       0x10 c:/etc/gnu-tools-arm-embedded/4.9-2015q2/bin/../lib/gcc/arm-none-eabi/4.9.3/../../../../arm-none-eabi/lib/armv7e-m\libc_nano.a(lib_a-malloc.o)
                0x08003a74                free
 .text._vfprintf_r
                0x08003a84      0x210 c:/etc/gnu-tools-arm-embedded/4.9-2015q2/bin/../lib/gcc/arm-none-eabi/4.9.3/../../../../arm-none-eabi/lib/armv7e-m\libc_nano.a(lib_a-nano-vfprintf.o)
                0x08003a84                _vfprintf_r
                0x08003a84                _vfiprintf_r
 .text.vfprintf
                0x08003c94       0x1c c:/etc/gnu-tools-arm-embedded/4.9-2015q2/bin/../lib/gcc/arm-none-eabi/4.9.3/../../../../arm-none-eabi/lib/armv7e-m\libc_nano.a(lib_a-nano-vfprintf.o)
                0x08003c94                vfprintf
                0x08003c94                vfiprintf
 .text._printf_i
                0x08003cb0      0x240 c:/etc/gnu-tools-arm-embedded/4.9-2015q2/bin/../lib/gcc/arm-none-eabi/4.9.3/../../../../arm-none-eabi/lib/armv7e-m\libc_nano.a(lib_a-nano-vfprintf_i.o)
                0x08003cb0                _printf_i
 .text.printf   0x08003ef0       0x30 c:/etc/gnu-tools-arm-embedded/4.9-2015q2/bin/../lib/gcc/arm-none-eabi/4.9.3/../../../../arm-none-eabi/lib/armv7e-m\libc_nano.a(lib_a-printf.o)
                0x08003ef0                iprintf
                0x08003ef0                printf
 .text.raise    0x08003f20       0x10 c:/etc/gnu-tools-arm-embedded/4.9-2015q2/bin/../lib/gcc/arm-none-eabi/4.9.3/../../../../arm-none-eabi/lib/armv7e-m\libc_nano.a(lib_a-signal.o)
                0x08003f20                raise
 .text._kill_r  0x08003f30       0x24 c:/etc/gnu-tools-arm-embedded/4.9-2015q2/bin/../lib/gcc/arm-none-eabi/4.9.3/../../../../arm-none-eabi/lib/armv7e-m\libc_nano.a(lib_a-signalr.o)
                0x08003f30                _kill_r
 .text.__swbuf_r
                0x08003f54       0xa8 c:/etc/gnu-tools-arm-embedded/4.9-2015q2/bin/../lib/gcc/arm-none-eabi/4.9.3/../../../../arm-none-eabi/lib/armv7e-m\libc_nano.a(lib_a-wbuf.o)
                0x08003f54                __swbuf_r
 .text._write_r
                0x08003ffc       0x24 c:/etc/gnu-tools-arm-embedded/4.9-2015q2/bin/../lib/gcc/arm-none-eabi/4.9.3/../../../../arm-none-eabi/lib/armv7e-m\libc_nano.a(lib_a-writer.o)
                0x08003ffc                _write_r
 .text.__swsetup_r
                0x08004020       0xd8 c:/etc/gnu-tools-arm-embedded/4.9-2015q2/bin/../lib/gcc/arm-none-eabi/4.9.3/../../../../arm-none-eabi/lib/armv7e-m\libc_nano.a(lib_a-wsetup.o)
                0x08004020                __swsetup_r
 .text._close_r
                0x080040f8       0x20 c:/etc/gnu-tools-arm-embedded/4.9-2015q2/bin/../lib/gcc/arm-none-eabi/4.9.3/../../../../arm-none-eabi/lib/armv7e-m\libc_nano.a(lib_a-closer.o)
                0x080040f8                _close_r
 .text._lseek_r
                0x08004118       0x24 c:/etc/gnu-tools-arm-embedded/4.9-2015q2/bin/../lib/gcc/arm-none-eabi/4.9.3/../../../../arm-none-eabi/lib/armv7e-m\libc_nano.a(lib_a-lseekr.o)
                0x08004118                _lseek_r
 .text.__smakebuf_r
                0x0800413c       0x9c c:/etc/gnu-tools-arm-embedded/4.9-2015q2/bin/../lib/gcc/arm-none-eabi/4.9.3/../../../../arm-none-eabi/lib/armv7e-m\libc_nano.a(lib_a-makebuf.o)
                0x0800413c                __smakebuf_r
 .text._read_r  0x080041d8       0x24 c:/etc/gnu-tools-arm-embedded/4.9-2015q2/bin/../lib/gcc/arm-none-eabi/4.9.3/../../../../arm-none-eabi/lib/armv7e-m\libc_nano.a(lib_a-readr.o)
                0x080041d8                _read_r
 .text._fstat_r
                0x080041fc       0x24 c:/etc/gnu-tools-arm-embedded/4.9-2015q2/bin/../lib/gcc/arm-none-eabi/4.9.3/../../../../arm-none-eabi/lib/armv7e-m\libc_nano.a(lib_a-fstatr.o)
                0x080041fc                _fstat_r
 .text._isatty_r
                0x08004220       0x20 c:/etc/gnu-tools-arm-embedded/4.9-2015q2/bin/../lib/gcc/arm-none-eabi/4.9.3/../../../../arm-none-eabi/lib/armv7e-m\libc_nano.a(lib_a-isattyr.o)
                0x08004220                _isatty_r
 .text.mbed_sbrk
                0x08004240       0x64 ym/core-util/source/core-util.a(sbrk.cpp.o)
                0x08004240                mbed_sbrk
 .text.mbed_krbs_ex
                0x080042a4       0x68 ym/core-util/source/core-util.a(sbrk.cpp.o)
                0x080042a4                mbed_krbs_ex
 .text._ZN4mbed4util19FunctionPointerBaseIvE17_null_constructorEPvSt9__va_list
                0x0800430c        0x2 source/CMakeFiles/blinky.dir/D_/Projects/blinky/source/app.cpp.o
                0x0800430c                mbed::util::FunctionPointerBase<void>::_null_constructor(void*, std::__va_list)
 .text._ZN4mbed4util19FunctionPointerBaseIvE15_null_copy_argsEPvS3_
                0x0800430e        0x2 source/CMakeFiles/blinky.dir/D_/Projects/blinky/source/app.cpp.o
                0x0800430e                mbed::util::FunctionPointerBase<void>::_null_copy_args(void*, void*)
 .text._ZN4mbed4util19FunctionPointerBaseIvE16_null_destructorEPv
                0x08004310        0x2 source/CMakeFiles/blinky.dir/D_/Projects/blinky/source/app.cpp.o
                0x08004310                mbed::util::FunctionPointerBase<void>::_null_destructor(void*)
 .text._ZN4mbed4util16FunctionPointer0IvE12staticcallerEPvPjS3_
                0x08004312        0x2 source/CMakeFiles/blinky.dir/D_/Projects/blinky/source/app.cpp.o
                0x08004312                mbed::util::FunctionPointer0<void>::staticcaller(void*, unsigned int*, void*)
 .text._ZN4mbed4util16FunctionPointer0IvED2Ev
                0x08004314        0x2 source/CMakeFiles/blinky.dir/D_/Projects/blinky/source/app.cpp.o
                0x08004314                mbed::util::FunctionPointer0<void>::~FunctionPointer0()
                0x08004314                mbed::util::FunctionPointer0<void>::~FunctionPointer0()
 .text._ZN4mbed4util16FunctionPointer0IvED0Ev
                0x08004316        0xc source/CMakeFiles/blinky.dir/D_/Projects/blinky/source/app.cpp.o
                0x08004316                mbed::util::FunctionPointer0<void>::~FunctionPointer0()
 .text._ZN4mbed4util19FunctionPointerBindIvED0Ev
                0x08004322       0x12 source/CMakeFiles/blinky.dir/D_/Projects/blinky/source/app.cpp.o
                0x08004322                mbed::util::FunctionPointerBind<void>::~FunctionPointerBind()
 .text._ZN4mbed4util19FunctionPointerBaseIvE5clearEv
                0x08004334        0xe source/CMakeFiles/blinky.dir/D_/Projects/blinky/source/app.cpp.o
                0x08004334                mbed::util::FunctionPointerBase<void>::clear()
 .text.gpio_init_out_ex
                0x08004342       0x30 ym/mbed-drivers/source/mbed-drivers.a(gpio.c.o)
                0x08004342                gpio_init_out_ex
 .text.gpio_init_out
                0x08004372        0x6 ym/mbed-drivers/source/mbed-drivers.a(gpio.c.o)
                0x08004372                gpio_init_out
 .text._ZN4mbed4util16FunctionPointer2IviPPcE11constructorEPvSt9__va_list
                0x08004378       0x10 ym/mbed-drivers/source/mbed-drivers.a(retarget.cpp.o)
                0x08004378                mbed::util::FunctionPointer2<void, int, char**>::constructor(void*, std::__va_list)
 .text._ZN4mbed4util16FunctionPointer2IviPPcE16copy_constructorEPvS5_
                0x08004388        0xc ym/mbed-drivers/source/mbed-drivers.a(retarget.cpp.o)
                0x08004388                mbed::util::FunctionPointer2<void, int, char**>::copy_constructor(void*, void*)
 .text._ZN4mbed4util16FunctionPointer2IviPPcE10destructorEPv
                0x08004394        0x2 ym/mbed-drivers/source/mbed-drivers.a(retarget.cpp.o)
                0x08004394                mbed::util::FunctionPointer2<void, int, char**>::destructor(void*)
 .text._ZN4mbed4util16FunctionPointer2IviPPcE12staticcallerEPvPjS5_
                0x08004396        0x8 ym/mbed-drivers/source/mbed-drivers.a(retarget.cpp.o)
                0x08004396                mbed::util::FunctionPointer2<void, int, char**>::staticcaller(void*, unsigned int*, void*)
 .text._ZN4mbed4util16FunctionPointer2IviPPcED2Ev
                0x0800439e        0x2 ym/mbed-drivers/source/mbed-drivers.a(retarget.cpp.o)
                0x0800439e                mbed::util::FunctionPointer2<void, int, char**>::~FunctionPointer2()
                0x0800439e                mbed::util::FunctionPointer2<void, int, char**>::~FunctionPointer2()
 .text._ZN4mbed4util16FunctionPointer2IviPPcED0Ev
                0x080043a0        0xc ym/mbed-drivers/source/mbed-drivers.a(retarget.cpp.o)
                0x080043a0                mbed::util::FunctionPointer2<void, int, char**>::~FunctionPointer2()
 .text._fstat   0x080043ac       0x1e ym/mbed-drivers/source/mbed-drivers.a(retarget.cpp.o)
                0x080043ac                _fstat
 .text.__wrap_main
                0x080043ca        0xe ym/mbed-drivers/source/mbed-drivers.a(retarget.cpp.o)
                0x080043ca                __wrap_main
 .text._exit    0x080043d8        0x4 ym/mbed-drivers/source/mbed-drivers.a(retarget.cpp.o)
                0x080043d8                _exit
 .text._kill    0x080043dc       0x10 ym/mbed-drivers/source/mbed-drivers.a(retarget.cpp.o)
                0x080043dc                _kill
 .text._getpid  0x080043ec        0x4 ym/mbed-drivers/source/mbed-drivers.a(retarget.cpp.o)
                0x080043ec                _getpid
 .text.mbed_die
                0x080043f0       0x12 ym/mbed-drivers/source/mbed-drivers.a(board.c.o)
                0x080043f0                mbed_die
 .text.wait_us  0x08004402       0x16 ym/mbed-drivers/source/mbed-drivers.a(wait_api.c.o)
                0x08004402                wait_us
 .text.wait_ms  0x08004418        0xa ym/mbed-drivers/source/mbed-drivers.a(wait_api.c.o)
                0x08004418                wait_ms
 .text._ZN5minarL21smallestTimeIncrementEmmm
                0x08004422       0x26 ym/minar/source/minar.a(minar.cpp.o)
 .text._ZN4mbed4util19CriticalSectionLockC2Ev
                0x08004448        0xa ym/minar/source/minar.a(minar.cpp.o)
                0x08004448                mbed::util::CriticalSectionLock::CriticalSectionLock()
                0x08004448                mbed::util::CriticalSectionLock::CriticalSectionLock()
 .text._ZN5minar9Scheduler13CallbackAdder6periodEm
                0x08004452        0x4 ym/minar/source/minar.a(minar.cpp.o)
                0x08004452                minar::Scheduler::CallbackAdder::period(unsigned long)
 .text._ZNK5minar13SchedulerData19CallbackNodeCompareclERKPNS_12CallbackNodeES5_
                0x08004456       0x1c ym/minar/source/minar.a(minar.cpp.o)
                0x08004456                minar::SchedulerData::CallbackNodeCompare::operator()(minar::CallbackNode* const&, minar::CallbackNode* const&) const
 .text._ZN5minar12millisecondsEm
                0x08004472       0x16 ym/minar/source/minar.a(minar.cpp.o)
                0x08004472                minar::milliseconds(unsigned long)
 .text._ZN5minar9Scheduler13CallbackAdderC2ERS0_N4mbed4util19FunctionPointerBindIvEE
                0x08004488       0x20 ym/minar/source/minar.a(minar.cpp.o)
                0x08004488                minar::Scheduler::CallbackAdder::CallbackAdder(minar::Scheduler&, mbed::util::FunctionPointerBind<void>)
                0x08004488                minar::Scheduler::CallbackAdder::CallbackAdder(minar::Scheduler&, mbed::util::FunctionPointerBind<void>)
 .text._ZNK4mbed4util5ArrayIPN5minar12CallbackNodeEE19get_element_addressEj
                0x080044a8       0x18 ym/minar/source/minar.a(minar.cpp.o)
                0x080044a8                mbed::util::Array<minar::CallbackNode*>::get_element_address(unsigned int) const
 .text._ZN4mbed4util10BinaryHeapIPN5minar12CallbackNodeENS2_13SchedulerData19CallbackNodeCompareEE5_swapEjj
                0x080044c0       0x34 ym/minar/source/minar.a(minar.cpp.o)
                0x080044c0                mbed::util::BinaryHeap<minar::CallbackNode*, minar::SchedulerData::CallbackNodeCompare>::_swap(unsigned int, unsigned int)
 .text._ZN4mbed4util5ArrayIPN5minar12CallbackNodeEE8pop_backEv
                0x080044f4       0x28 ym/minar/source/minar.a(minar.cpp.o)
                0x080044f4                mbed::util::Array<minar::CallbackNode*>::pop_back()
 .text._ZN4mbed4util10BinaryHeapIPN5minar12CallbackNodeENS2_13SchedulerData19CallbackNodeCompareEE15_propagate_downEj
                0x0800451c       0xb0 ym/minar/source/minar.a(minar.cpp.o)
                0x0800451c                mbed::util::BinaryHeap<minar::CallbackNode*, minar::SchedulerData::CallbackNodeCompare>::_propagate_down(unsigned int)
 .text._ZNK4mbed4util5ArrayIPN5minar12CallbackNodeEE16create_new_arrayEjjPNS5_10array_linkE
                0x080045cc       0x26 ym/minar/source/minar.a(minar.cpp.o)
                0x080045cc                mbed::util::Array<minar::CallbackNode*>::create_new_array(unsigned int, unsigned int, mbed::util::Array<minar::CallbackNode*>::array_link*) const
 .text._ZN5minar9SchedulerC2Ev
                0x080045f2       0x16 ym/minar/source/minar.a(minar.cpp.o)
                0x080045f2                minar::Scheduler::Scheduler()
                0x080045f2                minar::Scheduler::Scheduler()
 .text._ZN4mbed4util10BinaryHeapIPN5minar12CallbackNodeENS2_13SchedulerData19CallbackNodeCompareEE6insertERKS4_
                0x08004608       0xc6 ym/minar/source/minar.a(minar.cpp.o)
                0x08004608                mbed::util::BinaryHeap<minar::CallbackNode*, minar::SchedulerData::CallbackNodeCompare>::insert(minar::CallbackNode* const&)
 .text._ZN5minar9Scheduler13CallbackAdder9getHandleEv
                0x080046ce       0x50 ym/minar/source/minar.a(minar.cpp.o)
                0x080046ce                minar::Scheduler::CallbackAdder::getHandle()
 .text._ZN5minar9Scheduler13CallbackAdderD2Ev
                0x0800471e       0x12 ym/minar/source/minar.a(minar.cpp.o)
                0x0800471e                minar::Scheduler::CallbackAdder::~CallbackAdder()
                0x0800471e                minar::Scheduler::CallbackAdder::~CallbackAdder()
 .text._ZN4mbed4util13PoolAllocator5allocEv
                0x08004730       0x2c ym/core-util/source/core-util.a(PoolAllocator.cpp.o)
                0x08004730                mbed::util::PoolAllocator::alloc()
 .text._ZNK4mbed4util13PoolAllocator4ownsEPv
                0x0800475c       0x16 ym/core-util/source/core-util.a(PoolAllocator.cpp.o)
                0x0800475c                mbed::util::PoolAllocator::owns(void*) const
 .text._ZN4mbed4util13PoolAllocator4freeEPv
                0x08004772       0x2e ym/core-util/source/core-util.a(PoolAllocator.cpp.o)
                0x08004772                mbed::util::PoolAllocator::free(void*)
 .text._ZN4mbed4util13PoolAllocator13get_pool_sizeEjjj
                0x080047a0        0xc ym/core-util/source/core-util.a(PoolAllocator.cpp.o)
                0x080047a0                mbed::util::PoolAllocator::get_pool_size(unsigned int, unsigned int, unsigned int)
 .text._ZN4mbed4util13PoolAllocator8align_upEmm
                0x080047ac        0xa ym/core-util/source/core-util.a(PoolAllocator.cpp.o)
                0x080047ac                mbed::util::PoolAllocator::align_up(unsigned long, unsigned long)
 .text._ZN4mbed4util13PoolAllocator5_initEv
                0x080047b6       0x1e ym/core-util/source/core-util.a(PoolAllocator.cpp.o)
                0x080047b6                mbed::util::PoolAllocator::_init()
 .text._ZN4mbed4util13PoolAllocatorC2EPvjjj
                0x080047d4       0x20 ym/core-util/source/core-util.a(PoolAllocator.cpp.o)
                0x080047d4                mbed::util::PoolAllocator::PoolAllocator(void*, unsigned int, unsigned int, unsigned int)
                0x080047d4                mbed::util::PoolAllocator::PoolAllocator(void*, unsigned int, unsigned int, unsigned int)
 .text._ZN4mbed4util23ExtendablePoolAllocatorC2Ev
                0x080047f4        0x6 ym/core-util/source/core-util.a(ExtendablePoolAllocator.cpp.o)
                0x080047f4                mbed::util::ExtendablePoolAllocator::ExtendablePoolAllocator()
                0x080047f4                mbed::util::ExtendablePoolAllocator::ExtendablePoolAllocator()
 .text._ZN4mbed4util23ExtendablePoolAllocator4freeEPv
                0x080047fa       0x26 ym/core-util/source/core-util.a(ExtendablePoolAllocator.cpp.o)
                0x080047fa                mbed::util::ExtendablePoolAllocator::free(void*)
 .text._ZNK4mbed4util23ExtendablePoolAllocator15create_new_poolEjPNS1_9pool_linkE
                0x08004820       0x44 ym/core-util/source/core-util.a(ExtendablePoolAllocator.cpp.o)
                0x08004820                mbed::util::ExtendablePoolAllocator::create_new_pool(unsigned int, mbed::util::ExtendablePoolAllocator::pool_link*) const
 .text._ZN4mbed4util23ExtendablePoolAllocator4initEjjj12UAllocTraitsj
                0x08004864       0x38 ym/core-util/source/core-util.a(ExtendablePoolAllocator.cpp.o)
                0x08004864                mbed::util::ExtendablePoolAllocator::init(unsigned int, unsigned int, unsigned int, UAllocTraits, unsigned int)
 .text._ZN4mbed4util23ExtendablePoolAllocator5allocEv
                0x0800489c       0x58 ym/core-util/source/core-util.a(ExtendablePoolAllocator.cpp.o)
                0x0800489c                mbed::util::ExtendablePoolAllocator::alloc()
 .text.mbed_hal_init
                0x080048f4        0xe ym/mbed-hal-st-stm32f4/source/mbed-hal-st-stm32f4.a(hal_api.c.o)
                0x080048f4                mbed_hal_init
 .text.gpio_set
                0x08004902       0x14 ym/mbed-hal-st-stm32f4/source/mbed-hal-st-stm32f4.a(gpio_api.c.o)
                0x08004902                gpio_set
 .text.gpio_init
                0x08004916       0x2a ym/mbed-hal-st-stm32f4/source/mbed-hal-st-stm32f4.a(gpio_api.c.o)
                0x08004916                gpio_init
 .text.gpio_mode
                0x08004940        0x8 ym/mbed-hal-st-stm32f4/source/mbed-hal-st-stm32f4.a(gpio_api.c.o)
                0x08004940                gpio_mode
 .text.gpio_dir
                0x08004948        0xe ym/mbed-hal-st-stm32f4/source/mbed-hal-st-stm32f4.a(gpio_api.c.o)
                0x08004948                gpio_dir
 .text.pin_mode
                0x08004956       0x2e ym/mbed-hal-st-stm32f4/source/mbed-hal-st-stm32f4.a(pinmap.c.o)
                0x08004956                pin_mode
 .text._ZN5minar8platform4initEv
                0x08004984        0x4 ym/minar-platform-mbed/source/minar-platform-mbed.a(mbed_platform.cpp.o)
                0x08004984                minar::platform::init()
 .text._ZN5minar8platform5sleepEv
                0x08004988       0x16 ym/minar-platform-mbed/source/minar-platform-mbed.a(mbed_platform.cpp.o)
                0x08004988                minar::platform::sleep()
 .text._ZN5minar8platform7getTimeEv
                0x0800499e        0x4 ym/minar-platform-mbed/source/minar-platform-mbed.a(mbed_platform.cpp.o)
                0x0800499e                minar::platform::getTime()
 .text._ZN5minar8platform14sleepFromUntilEmm
                0x080049a2       0x56 ym/minar-platform-mbed/source/minar-platform-mbed.a(mbed_platform.cpp.o)
                0x080049a2                minar::platform::sleepFromUntil(unsigned long, unsigned long)
 .text.HAL_TIM_OC_MspInit
                0x080049f8        0x2 ym/mbed-hal-st-stm32cubef4/source/mbed-hal-st-stm32cubef4.a(stm32f4xx_hal_tim.c.o)
                0x080049f8                HAL_TIM_OC_MspInit
 .text.HAL_TIM_OC_Init
                0x080049fa       0x34 ym/mbed-hal-st-stm32cubef4/source/mbed-hal-st-stm32cubef4.a(stm32f4xx_hal_tim.c.o)
                0x080049fa                HAL_TIM_OC_Init
 .text.TIM_CCxChannelCmd
                0x08004a2e       0x18 ym/mbed-hal-st-stm32cubef4/source/mbed-hal-st-stm32cubef4.a(stm32f4xx_hal_tim.c.o)
                0x08004a2e                TIM_CCxChannelCmd
 .text.HAL_UART_MspInit
                0x08004a46        0x2 ym/mbed-hal-st-stm32cubef4/source/mbed-hal-st-stm32cubef4.a(stm32f4xx_hal_uart.c.o)
                0x08004a46                HAL_UART_MspInit
 .text.HAL_UART_Init
                0x08004a48       0x58 ym/mbed-hal-st-stm32cubef4/source/mbed-hal-st-stm32cubef4.a(stm32f4xx_hal_uart.c.o)
                0x08004a48                HAL_UART_Init
 .text.HAL_MspInit
                0x08004aa0        0x2 ym/mbed-hal-st-stm32cubef4/source/mbed-hal-st-stm32cubef4.a(stm32f4xx_hal.c.o)
                0x08004aa0                HAL_MspInit
 .text.HAL_InitPre
                0x08004aa2        0xc ym/mbed-hal-st-stm32cubef4/source/mbed-hal-st-stm32cubef4.a(hal_init_pre.c.o)
                0x08004aa2                HAL_InitPre
 .text.Default_Handler
                0x08004aae        0x2 ym/mbed-hal-st-stm32f401re/source/mbed-hal-st-stm32f401re.a(startup_stm32f401xe.s.obj)
                0x08004aae                RTC_Alarm_IRQHandler
                0x08004aae                EXTI2_IRQHandler
                0x08004aae                DebugMon_Handler
                0x08004aae                SPI4_IRQHandler
                0x08004aae                TIM1_CC_IRQHandler
                0x08004aae                DMA2_Stream5_IRQHandler
                0x08004aae                HardFault_Handler
                0x08004aae                DMA1_Stream5_IRQHandler
                0x08004aae                SysTick_Handler
                0x08004aae                PVD_IRQHandler
                0x08004aae                SDIO_IRQHandler
                0x08004aae                TAMP_STAMP_IRQHandler
                0x08004aae                PendSV_Handler
                0x08004aae                NMI_Handler
                0x08004aae                EXTI3_IRQHandler
                0x08004aae                TIM1_UP_TIM10_IRQHandler
                0x08004aae                I2C3_ER_IRQHandler
                0x08004aae                EXTI0_IRQHandler
                0x08004aae                I2C2_EV_IRQHandler
                0x08004aae                DMA1_Stream2_IRQHandler
                0x08004aae                FPU_IRQHandler
                0x08004aae                UsageFault_Handler
                0x08004aae                DMA2_Stream2_IRQHandler
                0x08004aae                SPI1_IRQHandler
                0x08004aae                TIM1_BRK_TIM9_IRQHandler
                0x08004aae                DMA2_Stream3_IRQHandler
                0x08004aae                USART6_IRQHandler
                0x08004aae                DMA2_Stream0_IRQHandler
                0x08004aae                TIM4_IRQHandler
                0x08004aae                I2C1_EV_IRQHandler
                0x08004aae                DMA1_Stream6_IRQHandler
                0x08004aae                DMA1_Stream1_IRQHandler
                0x08004aae                TIM3_IRQHandler
                0x08004aae                RCC_IRQHandler
                0x08004aae                Default_Handler
                0x08004aae                EXTI15_10_IRQHandler
                0x08004aae                ADC_IRQHandler
                0x08004aae                DMA1_Stream7_IRQHandler
                0x08004aae                TIM5_IRQHandler
                0x08004aae                DMA2_Stream7_IRQHandler
                0x08004aae                I2C3_EV_IRQHandler
                0x08004aae                EXTI9_5_IRQHandler
                0x08004aae                RTC_WKUP_IRQHandler
                0x08004aae                SPI2_IRQHandler
                0x08004aae                MemManage_Handler
                0x08004aae                DMA1_Stream0_IRQHandler
                0x08004aae                SVC_Handler
                0x08004aae                EXTI4_IRQHandler
                0x08004aae                WWDG_IRQHandler
                0x08004aae                TIM2_IRQHandler
                0x08004aae                OTG_FS_WKUP_IRQHandler
                0x08004aae                TIM1_TRG_COM_TIM11_IRQHandler
                0x08004aae                EXTI1_IRQHandler
                0x08004aae                USART2_IRQHandler
                0x08004aae                I2C2_ER_IRQHandler
                0x08004aae                DMA2_Stream1_IRQHandler
                0x08004aae                FLASH_IRQHandler
                0x08004aae                DMA2_Stream4_IRQHandler
                0x08004aae                BusFault_Handler
                0x08004aae                USART1_IRQHandler
                0x08004aae                OTG_FS_IRQHandler
                0x08004aae                SPI3_IRQHandler
                0x08004aae                DMA1_Stream4_IRQHandler
                0x08004aae                I2C1_ER_IRQHandler
                0x08004aae                DMA2_Stream6_IRQHandler
                0x08004aae                DMA1_Stream3_IRQHandler
 .text.SetSysClock
                0x08004ab0       0x1a ym/cmsis-core-stm32f401xe/source/cmsis-core-stm32f401xe.a(system_stm32f4xx.c.o)
                0x08004ab0                SetSysClock
 .text.pinmap_find_peripheral
                0x08004aca       0x18 ym/mbed-drivers/source/mbed-drivers.a(pinmap_common.c.o)
                0x08004aca                pinmap_find_peripheral
 .text.ticker_irq_handler
                0x08004ae2       0x48 ym/mbed-drivers/source/mbed-drivers.a(ticker_api.c.o)
                0x08004ae2                ticker_irq_handler
 .text.lp_ticker_get_compare_match
                0x08004b2a        0x8 ym/mbed-hal-st-stm32f4/source/mbed-hal-st-stm32f4.a(lp_ticker.c.o)
                0x08004b2a                lp_ticker_get_compare_match
 .text.lp_ticker_sleep_until
                0x08004b32       0x1a ym/mbed-hal-st-stm32f4/source/mbed-hal-st-stm32f4.a(lp_ticker.c.o)
                0x08004b32                lp_ticker_sleep_until
 .text.mbed_exit_sleep
                0x08004b4c        0xc ym/mbed-hal-st-stm32f4/source/mbed-hal-st-stm32f4.a(sleep.c.o)
                0x08004b4c                mbed_exit_sleep
 .text.mbed_ualloc
                0x08004b58       0x4e ym/ualloc/source/ualloc.a(ualloc.c.o)
                0x08004b58                mbed_ualloc
 .text.dlcalloc
                0x08004ba6       0x40 ym/dlmalloc/source/dlmalloc.a(dlmalloc.c.o)
                0x08004ba6                dlcalloc
 .text._ZdlPv   0x08004be6        0x4 c:/etc/gnu-tools-arm-embedded/4.9-2015q2/bin/../lib/gcc/arm-none-eabi/4.9.3/../../../../arm-none-eabi/lib/armv7e-m\libstdc++_nano.a(del_op.o)
                0x08004be6                operator delete(void*)
 .text._Znwj    0x08004bea       0x22 c:/etc/gnu-tools-arm-embedded/4.9-2015q2/bin/../lib/gcc/arm-none-eabi/4.9.3/../../../../arm-none-eabi/lib/armv7e-m\libstdc++_nano.a(new_op.o)
                0x08004bea                operator new(unsigned int)
 .text.abort    0x08004c0c        0xe c:/etc/gnu-tools-arm-embedded/4.9-2015q2/bin/../lib/gcc/arm-none-eabi/4.9.3/../../../../arm-none-eabi/lib/armv7e-m\libc_nano.a(lib_a-abort.o)
                0x08004c0c                abort
 .text.__sflush_r
                0x08004c1a      0x108 c:/etc/gnu-tools-arm-embedded/4.9-2015q2/bin/../lib/gcc/arm-none-eabi/4.9.3/../../../../arm-none-eabi/lib/armv7e-m\libc_nano.a(lib_a-fflush.o)
                0x08004c1a                __sflush_r
 .text.__sfmoreglue
                0x08004d22       0x2c c:/etc/gnu-tools-arm-embedded/4.9-2015q2/bin/../lib/gcc/arm-none-eabi/4.9.3/../../../../arm-none-eabi/lib/armv7e-m\libc_nano.a(lib_a-findfp.o)
                0x08004d22                __sfmoreglue
 .text._fwalk_reent
                0x08004d4e       0x3c c:/etc/gnu-tools-arm-embedded/4.9-2015q2/bin/../lib/gcc/arm-none-eabi/4.9.3/../../../../arm-none-eabi/lib/armv7e-m\libc_nano.a(lib_a-fwalk.o)
                0x08004d4e                _fwalk_reent
 .text.memset   0x08004d8a       0x10 c:/etc/gnu-tools-arm-embedded/4.9-2015q2/bin/../lib/gcc/arm-none-eabi/4.9.3/../../../../arm-none-eabi/lib/armv7e-m\libc_nano.a(lib_a-memset.o)
                0x08004d8a                memset
 .text.__sfputc_r
                0x08004d9a       0x2c c:/etc/gnu-tools-arm-embedded/4.9-2015q2/bin/../lib/gcc/arm-none-eabi/4.9.3/../../../../arm-none-eabi/lib/armv7e-m\libc_nano.a(lib_a-nano-vfprintf.o)
 .text.__sfputs_r
                0x08004dc6       0x24 c:/etc/gnu-tools-arm-embedded/4.9-2015q2/bin/../lib/gcc/arm-none-eabi/4.9.3/../../../../arm-none-eabi/lib/armv7e-m\libc_nano.a(lib_a-nano-vfprintf.o)
                0x08004dc6                __sfputs_r
 .text._printf_common
                0x08004dea       0xea c:/etc/gnu-tools-arm-embedded/4.9-2015q2/bin/../lib/gcc/arm-none-eabi/4.9.3/../../../../arm-none-eabi/lib/armv7e-m\libc_nano.a(lib_a-nano-vfprintf_i.o)
                0x08004dea                _printf_common
 .text._raise_r
                0x08004ed4       0x50 c:/etc/gnu-tools-arm-embedded/4.9-2015q2/bin/../lib/gcc/arm-none-eabi/4.9.3/../../../../arm-none-eabi/lib/armv7e-m\libc_nano.a(lib_a-signal.o)
                0x08004ed4                _raise_r
 .text._getpid_r
                0x08004f24        0x4 c:/etc/gnu-tools-arm-embedded/4.9-2015q2/bin/../lib/gcc/arm-none-eabi/4.9.3/../../../../arm-none-eabi/lib/armv7e-m\libc_nano.a(lib_a-signalr.o)
                0x08004f24                _getpid_r
 .text.__sread  0x08004f28       0x22 c:/etc/gnu-tools-arm-embedded/4.9-2015q2/bin/../lib/gcc/arm-none-eabi/4.9.3/../../../../arm-none-eabi/lib/armv7e-m\libc_nano.a(lib_a-stdio.o)
                0x08004f28                __sread
 .text.__swrite
                0x08004f4a       0x38 c:/etc/gnu-tools-arm-embedded/4.9-2015q2/bin/../lib/gcc/arm-none-eabi/4.9.3/../../../../arm-none-eabi/lib/armv7e-m\libc_nano.a(lib_a-stdio.o)
                0x08004f4a                __swrite
 .text.__sseek  0x08004f82       0x24 c:/etc/gnu-tools-arm-embedded/4.9-2015q2/bin/../lib/gcc/arm-none-eabi/4.9.3/../../../../arm-none-eabi/lib/armv7e-m\libc_nano.a(lib_a-stdio.o)
                0x08004f82                __sseek
 .text.__sclose
                0x08004fa6        0x8 c:/etc/gnu-tools-arm-embedded/4.9-2015q2/bin/../lib/gcc/arm-none-eabi/4.9.3/../../../../arm-none-eabi/lib/armv7e-m\libc_nano.a(lib_a-stdio.o)
                0x08004fa6                __sclose
 .text.memchr   0x08004fae       0x1e c:/etc/gnu-tools-arm-embedded/4.9-2015q2/bin/../lib/gcc/arm-none-eabi/4.9.3/../../../../arm-none-eabi/lib/armv7e-m\libc_nano.a(lib_a-memchr.o)
                0x08004fae                memchr
 .text._ZN4mbed4util10atomic_casImEEbPT_S3_S2_
                0x08004fcc       0x1e ym/core-util/source/core-util.a(sbrk.cpp.o)
                0x08004fcc                bool mbed::util::atomic_cas<unsigned long>(unsigned long*, unsigned long*, unsigned long)
 .text.mbed_krbs
                0x08004fea        0x6 ym/core-util/source/core-util.a(sbrk.cpp.o)
                0x08004fea                mbed_krbs
 .text.__wrap__malloc_r
                0x08004ff0        0xc ym/ualloc/source/ualloc.a(malloc.c.o)
                0x08004ff0                __wrap__malloc_r
 .text.__wrap__free_r
                0x08004ffc        0x6 ym/ualloc/source/ualloc.a(malloc.c.o)
                0x08004ffc                __wrap__free_r
 *(SORT(.init))
 *fill*         0x08005002        0x2 
 .init          0x08005004        0x4 c:/etc/gnu-tools-arm-embedded/4.9-2015q2/bin/../lib/gcc/arm-none-eabi/4.9.3/armv7e-m/crti.o
                0x08005004                _init
 .init          0x08005008        0x8 c:/etc/gnu-tools-arm-embedded/4.9-2015q2/bin/../lib/gcc/arm-none-eabi/4.9.3/armv7e-m/crtn.o
 *(SORT(.fini))
 .fini          0x08005010        0x4 c:/etc/gnu-tools-arm-embedded/4.9-2015q2/bin/../lib/gcc/arm-none-eabi/4.9.3/armv7e-m/crti.o
                0x08005010                _fini
 .fini          0x08005014        0x8 c:/etc/gnu-tools-arm-embedded/4.9-2015q2/bin/../lib/gcc/arm-none-eabi/4.9.3/armv7e-m/crtn.o
 *crtbegin.o(SORT(.ctors))
 *crtbegin?.o(SORT(.ctors))
 *(SORT(EXCLUDE_FILE(*crtend.o *crtend?.o) .ctors))
 *(SORT(.ctors.*))
 *(SORT(.ctors))
 *crtbegin.o(SORT(.dtors))
 *crtbegin?.o(SORT(.dtors))
 *(SORT(EXCLUDE_FILE(*crtend.o *crtend?.o) .dtors))
 *(SORT(.dtors.*))
 *(SORT(.dtors))
 *(SORT(.rodata*))
 *fill*         0x0800501c        0x4 
 .rodata._ZTVN4mbed4util19FunctionPointerBindIvEE
                0x08005020       0x14 source/CMakeFiles/blinky.dir/D_/Projects/blinky/source/app.cpp.o
                0x08005020                vtable for mbed::util::FunctionPointerBind<void>
 *fill*         0x08005034        0x4 
 .rodata._ZTVN4mbed4util16FunctionPointer0IvEE
                0x08005038       0x14 source/CMakeFiles/blinky.dir/D_/Projects/blinky/source/app.cpp.o
                0x08005038                vtable for mbed::util::FunctionPointer0<void>
 *fill*         0x0800504c        0x4 
 .rodata._ZTVN4mbed4util16FunctionPointer2IviPPcEE
                0x08005050       0x14 ym/mbed-drivers/source/mbed-drivers.a(retarget.cpp.o)
                0x08005050                vtable for mbed::util::FunctionPointer2<void, int, char**>
 .rodata._ZN4mbed4util19FunctionPointerBaseIvE8_nullopsE
                0x08005064        0xc source/CMakeFiles/blinky.dir/D_/Projects/blinky/source/app.cpp.o
                0x08005064                mbed::util::FunctionPointerBase<void>::_nullops
 .rodata._ZN4mbed4util16FunctionPointer2IviPPcE8_fp2_opsE
                0x08005070        0xc ym/mbed-drivers/source/mbed-drivers.a(retarget.cpp.o)
                0x08005070                mbed::util::FunctionPointer2<void, int, char**>::_fp2_ops
 .rodata.gpio_mode
                0x0800507c       0x34 ym/mbed-hal-st-stm32f4/source/mbed-hal-st-stm32f4.a(pinmap.c.o)
 .rodata.PinMap_UART_RX
                0x080050b0       0x48 ym/mbed-hal-st-stm32f401re/source/mbed-hal-st-stm32f401re.a(PeripheralPins.c.o)
                0x080050b0                PinMap_UART_RX
 .rodata.PinMap_UART_TX
                0x080050f8       0x48 ym/mbed-hal-st-stm32f401re/source/mbed-hal-st-stm32f401re.a(PeripheralPins.c.o)
                0x080050f8                PinMap_UART_TX
 .rodata.us_interface
                0x08005140       0x14 ym/mbed-drivers/source/mbed-drivers.a(us_ticker_api.c.o)
 .rodata.us_data
                0x08005154        0x8 ym/mbed-drivers/source/mbed-drivers.a(us_ticker_api.c.o)
 .rodata.__sf_fake_stdin
                0x0800515c       0x20 c:/etc/gnu-tools-arm-embedded/4.9-2015q2/bin/../lib/gcc/arm-none-eabi/4.9.3/../../../../arm-none-eabi/lib/armv7e-m\libc_nano.a(lib_a-findfp.o)
                0x0800515c                __sf_fake_stdin
 .rodata.__sf_fake_stdout
                0x0800517c       0x20 c:/etc/gnu-tools-arm-embedded/4.9-2015q2/bin/../lib/gcc/arm-none-eabi/4.9.3/../../../../arm-none-eabi/lib/armv7e-m\libc_nano.a(lib_a-findfp.o)
                0x0800517c                __sf_fake_stdout
 .rodata.__sf_fake_stderr
                0x0800519c       0x20 c:/etc/gnu-tools-arm-embedded/4.9-2015q2/bin/../lib/gcc/arm-none-eabi/4.9.3/../../../../arm-none-eabi/lib/armv7e-m\libc_nano.a(lib_a-findfp.o)
                0x0800519c                __sf_fake_stderr
 .rodata._global_impure_ptr
                0x080051bc        0x4 c:/etc/gnu-tools-arm-embedded/4.9-2015q2/bin/../lib/gcc/arm-none-eabi/4.9.3/../../../../arm-none-eabi/lib/armv7e-m\libc_nano.a(lib_a-impure.o)
                0x080051bc                _global_impure_ptr
 .rodata.str1.1
                0x080051c0        0xc source/CMakeFiles/blinky.dir/D_/Projects/blinky/source/app.cpp.o
 .rodata.str1.1
                0x080051cc      0x126 ym/minar/source/minar.a(minar.cpp.o)
 .rodata.str1.1
                0x080052f2       0x54 ym/core-util/source/core-util.a(core-util_mbed_os.c.o)
                                 0x57 (size before relaxing)
 .rodata.str1.1
                0x08005346       0x21 ym/mbed-hal-st-stm32f4/source/mbed-hal-st-stm32f4.a(pinmap.c.o)
 .rodata.APBAHBPrescTable
                0x08005367       0x10 ym/mbed-hal-st-stm32cubef4/source/mbed-hal-st-stm32cubef4.a(stm32f4xx_hal_rcc.c.o)
                0x08005367                APBAHBPrescTable
 .rodata.AHBPrescTable
                0x08005377       0x10 ym/cmsis-core-stm32f401xe/source/cmsis-core-stm32f401xe.a(system_stm32f4xx.c.o)
                0x08005377                AHBPrescTable
 .rodata.str1.1
                0x08005387       0x60 ym/mbed-drivers/source/mbed-drivers.a(pinmap_common.c.o)
 .rodata.str1.1
                0x080053e7        0x2 c:/etc/gnu-tools-arm-embedded/4.9-2015q2/bin/../lib/gcc/arm-none-eabi/4.9.3/../../../../arm-none-eabi/lib/armv7e-m\libc_nano.a(lib_a-impure.o)
 .rodata.str1.1
                0x080053e9       0x11 c:/etc/gnu-tools-arm-embedded/4.9-2015q2/bin/../lib/gcc/arm-none-eabi/4.9.3/../../../../arm-none-eabi/lib/armv7e-m\libc_nano.a(lib_a-nano-vfprintf.o)
 .rodata.str1.1
                0x080053fa       0x22 c:/etc/gnu-tools-arm-embedded/4.9-2015q2/bin/../lib/gcc/arm-none-eabi/4.9.3/../../../../arm-none-eabi/lib/armv7e-m\libc_nano.a(lib_a-nano-vfprintf_i.o)
 *(SORT(.eh_frame*))
 .eh_frame      0x0800541c        0x0 c:/etc/gnu-tools-arm-embedded/4.9-2015q2/bin/../lib/gcc/arm-none-eabi/4.9.3/armv7e-m/crtbegin.o
 .eh_frame      0x0800541c        0x0 c:/etc/gnu-tools-arm-embedded/4.9-2015q2/bin/../lib/gcc/arm-none-eabi/4.9.3/../../../../arm-none-eabi/lib/armv7e-m\libc_nano.a(lib_a-strcmp.o)
                                 0x28 (size before relaxing)
 .eh_frame      0x0800541c        0x4 c:/etc/gnu-tools-arm-embedded/4.9-2015q2/bin/../lib/gcc/arm-none-eabi/4.9.3/armv7e-m/crtend.o

.glue_7         0x08005420        0x0
 .glue_7        0x00000000        0x0 linker stubs

.glue_7t        0x08005420        0x0
 .glue_7t       0x00000000        0x0 linker stubs

.vfp11_veneer   0x08005420        0x0
 .vfp11_veneer  0x00000000        0x0 linker stubs

.v4_bx          0x08005420        0x0
 .v4_bx         0x00000000        0x0 linker stubs

.iplt           0x08005420        0x0
 .iplt          0x00000000        0x0 c:/etc/gnu-tools-arm-embedded/4.9-2015q2/bin/../lib/gcc/arm-none-eabi/4.9.3/armv7e-m/crtbegin.o

.ARM.extab
 *(SORT(.ARM.extab*) SORT(.gnu.linkonce.armextab.*))
                0x08005420                __exidx_start = .

.ARM.exidx      0x08005420        0x8
 *(SORT(.ARM.exidx*) SORT(.gnu.linkonce.armexidx.*))
 .ARM.exidx     0x08005420        0x8 c:/etc/gnu-tools-arm-embedded/4.9-2015q2/bin/../lib/gcc/arm-none-eabi/4.9.3/../../../../arm-none-eabi/lib/armv7e-m/crt0.o
 .ARM.exidx     0x08005428        0x0 c:/etc/gnu-tools-arm-embedded/4.9-2015q2/bin/../lib/gcc/arm-none-eabi/4.9.3/armv7e-m\libgcc.a(_divdi3.o)
                                  0x8 (size before relaxing)
 .ARM.exidx     0x08005428        0x0 c:/etc/gnu-tools-arm-embedded/4.9-2015q2/bin/../lib/gcc/arm-none-eabi/4.9.3/armv7e-m\libgcc.a(_udivdi3.o)
                                  0x8 (size before relaxing)
                0x08005428                __exidx_end = .
                0x08005428                __etext = .
                0x08005428                _sidata = .

.rel.dyn        0x08005428        0x0
 .rel.iplt      0x00000000        0x0 c:/etc/gnu-tools-arm-embedded/4.9-2015q2/bin/../lib/gcc/arm-none-eabi/4.9.3/armv7e-m/crtbegin.o

.stack          0x200001a0     0x8000
                0x200001a0                __StackLimit = .
 *(SORT(.stack*))
                0x200081a0                . = (. + (0x8000 - (. - __StackLimit)))
 *fill*         0x200001a0     0x8000 
                0x200081a0                __StackTop = (ADDR (.stack) + SIZEOF (.stack))
                0x200001a0                __StackLimit = ADDR (.stack)
                0x200081a0                PROVIDE (__stack, __StackTop)

.data           0x200081a0       0x80 load address 0x08005428
                0x08005428                PROVIDE (__etext, LOADADDR (.data))
                0x200081a0                __data_start__ = .
                0x200081a0                _sdata = .
 *(SORT(vtable))
 *(SORT(.data*))
 .data.SystemCoreClock
                0x200081a0        0x4 ym/cmsis-core-stm32f401xe/source/cmsis-core-stm32f401xe.a(system_stm32f4xx.c.o)
                0x200081a0                SystemCoreClock
 .data.impure_data
                0x200081a4       0x60 c:/etc/gnu-tools-arm-embedded/4.9-2015q2/bin/../lib/gcc/arm-none-eabi/4.9.3/../../../../arm-none-eabi/lib/armv7e-m\libc_nano.a(lib_a-impure.o)
 .data._impure_ptr
                0x20008204        0x4 c:/etc/gnu-tools-arm-embedded/4.9-2015q2/bin/../lib/gcc/arm-none-eabi/4.9.3/../../../../arm-none-eabi/lib/armv7e-m\libc_nano.a(lib_a-impure.o)
                0x20008204                _impure_ptr
 .data.mbed_sbrk_diff
                0x20008208        0x4 ym/core-util/source/core-util.a(sbrk.cpp.o)
                0x20008208                mbed_sbrk_diff
 .data.mbed_sbrk_ptr
                0x2000820c        0x4 ym/core-util/source/core-util.a(sbrk.cpp.o)
                0x2000820c                mbed_sbrk_ptr
 .data.mbed_krbs_ptr
                0x20008210        0x4 ym/core-util/source/core-util.a(sbrk.cpp.o)
                0x20008210                mbed_krbs_ptr
                0x20008214                . = ALIGN (0x4)
                0x20008214                PROVIDE (__preinit_array_start, .)
 *(SORT(.preinit_array))
                0x20008214                PROVIDE (__preinit_array_end, .)
                0x20008214                . = ALIGN (0x4)
                0x20008214                PROVIDE (__init_array_start, .)
 *(SORT(.init_array.*))
 *(SORT(.init_array))
 .init_array    0x20008214        0x4 c:/etc/gnu-tools-arm-embedded/4.9-2015q2/bin/../lib/gcc/arm-none-eabi/4.9.3/armv7e-m/crtbegin.o
                0x20008218                PROVIDE (__init_array_end, .)
                0x20008218                . = ALIGN (0x4)
                0x20008218                PROVIDE (__fini_array_start, .)
 *(SORT(.fini_array.*))
 *(SORT(.fini_array))
 .fini_array    0x20008218        0x4 c:/etc/gnu-tools-arm-embedded/4.9-2015q2/bin/../lib/gcc/arm-none-eabi/4.9.3/armv7e-m/crtbegin.o
                0x2000821c                PROVIDE (__fini_array_end, .)
 *(SORT(.jcr*))
 .jcr           0x2000821c        0x0 c:/etc/gnu-tools-arm-embedded/4.9-2015q2/bin/../lib/gcc/arm-none-eabi/4.9.3/armv7e-m/crtbegin.o
 .jcr           0x2000821c        0x4 c:/etc/gnu-tools-arm-embedded/4.9-2015q2/bin/../lib/gcc/arm-none-eabi/4.9.3/armv7e-m/crtend.o
                0x20008220                . = ALIGN (0x4)
                0x20008220                __data_end__ = .
                0x20008220                _edata = .

.igot.plt       0x20008220        0x0 load address 0x080054a8
 .igot.plt      0x00000000        0x0 c:/etc/gnu-tools-arm-embedded/4.9-2015q2/bin/../lib/gcc/arm-none-eabi/4.9.3/armv7e-m/crtbegin.o

.uvisor.secure  0x080054a8       0x18
                0x080054c0                . = ALIGN (0x20)
 *fill*         0x080054a8       0x18 
                0x080054c0                __uvisor_secure_start = .
                0x080054c0                . = ALIGN (0x20)
                0x080054c0                __uvisor_cfgtbl_start = .
 *(SORT(.keep.uvisor.cfgtbl))
                0x080054c0                . = ALIGN (0x20)
                0x080054c0                __uvisor_cfgtbl_end = .
                0x080054c0                __uvisor_cfgtbl_ptr_start = .
 *(SORT(.keep.uvisor.cfgtbl_ptr_first))
 *(SORT(.keep.uvisor.cfgtbl_ptr))
                0x080054c0                __uvisor_cfgtbl_ptr_end = .
                0x080054c0                __uvisor_data_src = .
                0x080054c0                __uvisor_data_start = .
                0x080054c0                __uvisor_data_end = .
                0x080054c0                . = ALIGN (0x20)
                0x080054c0                __uvisor_secure_end = .

.bss            0x20008220      0x588
                0x20008220                . = ALIGN (0x4)
                0x20008220                __bss_start__ = .
                0x20008220                _sbss = .
 *(SORT(.bss*))
 .bss           0x20008220       0x1c c:/etc/gnu-tools-arm-embedded/4.9-2015q2/bin/../lib/gcc/arm-none-eabi/4.9.3/armv7e-m/crtbegin.o
 .bss._ZGVZL6blinkyvE3led
                0x2000823c        0x4 source/CMakeFiles/blinky.dir/D_/Projects/blinky/source/app.cpp.o
 .bss._ZZL6blinkyvE3led
                0x20008240       0x10 source/CMakeFiles/blinky.dir/D_/Projects/blinky/source/app.cpp.o
 .bss._ZL11filehandles
                0x20008250       0x40 ym/mbed-drivers/source/mbed-drivers.a(retarget.cpp.o)
 .bss._ZZN5minar12CallbackNode13get_allocatorEvE9allocator
                0x20008290        0x4 ym/minar/source/minar.a(minar.cpp.o)
                0x20008290                minar::CallbackNode::get_allocator()::allocator
 .bss._ZGVZN5minar13SchedulerData5startEvE19Warn_Duration_Ticks
                0x20008294        0x4 ym/minar/source/minar.a(minar.cpp.o)
 .bss._ZZN5minar13SchedulerData5startEvE19Warn_Duration_Ticks
                0x20008298        0x4 ym/minar/source/minar.a(minar.cpp.o)
 .bss._ZZN5minar13SchedulerData5startEvE14Warn_Lag_Ticks
                0x2000829c        0x4 ym/minar/source/minar.a(minar.cpp.o)
 .bss._ZN5minarL15staticSchedulerE
                0x200082a0        0x4 ym/minar/source/minar.a(minar.cpp.o)
 .bss._ZGVZN5minar13SchedulerData5startEvE14Warn_Lag_Ticks
                0x200082a4        0x4 ym/minar/source/minar.a(minar.cpp.o)
 .bss.TimMasterHandle
                0x200082a8       0x3c ym/mbed-hal-st-stm32f4/source/mbed-hal-st-stm32f4.a(us_ticker.c.o)
 .bss.us_ticker_inited
                0x200082e4        0x4 ym/mbed-hal-st-stm32f4/source/mbed-hal-st-stm32f4.a(us_ticker.c.o)
 .bss.stdio_uart_inited
                0x200082e8        0x4 ym/mbed-hal-st-stm32f4/source/mbed-hal-st-stm32f4.a(serial_api.c.o)
                0x200082e8                stdio_uart_inited
 .bss.UartHandle
                0x200082ec      0x200 ym/mbed-hal-st-stm32f4/source/mbed-hal-st-stm32f4.a(serial_api.c.o)
 .bss.PreviousVal
                0x200084ec        0x4 ym/mbed-hal-st-stm32f4/source/mbed-hal-st-stm32f4.a(hal_tick.c.o)
                0x200084ec                PreviousVal
 .bss.uwTick    0x200084f0        0x4 ym/mbed-hal-st-stm32cubef4/source/mbed-hal-st-stm32cubef4.a(stm32f4xx_hal.c.o)
 .bss.events    0x200084f4        0x8 ym/mbed-drivers/source/mbed-drivers.a(us_ticker_api.c.o)
 .bss.TimMasterHandle
                0x200084fc       0x3c ym/mbed-hal-st-stm32f4/source/mbed-hal-st-stm32f4.a(lp_ticker.c.o)
 .bss.overflows
                0x20008538        0x4 ym/mbed-hal-st-stm32f4/source/mbed-hal-st-stm32f4.a(lp_ticker.c.o)
 .bss._gm_      0x2000853c      0x1d8 ym/dlmalloc/source/dlmalloc.a(dlmalloc.c.o)
 .bss.mparams   0x20008714       0x18 ym/dlmalloc/source/dlmalloc.a(dlmalloc.c.o)
 .bss._ZN12_GLOBAL__N_113__new_handlerE
                0x2000872c        0x4 c:/etc/gnu-tools-arm-embedded/4.9-2015q2/bin/../lib/gcc/arm-none-eabi/4.9.3/../../../../arm-none-eabi/lib/armv7e-m\libstdc++_nano.a(new_handler.o)
 .bss.lp_ticker_inited
                0x20008730        0x1 ym/mbed-hal-st-stm32f4/source/mbed-hal-st-stm32f4.a(lp_ticker.c.o)
 *(SORT(COMMON))
 *fill*         0x20008731        0x3 
 COMMON         0x20008734       0x34 ym/mbed-hal-st-stm32f4/source/mbed-hal-st-stm32f4.a(serial_api.c.o)
                0x20008734                stdio_uart
 COMMON         0x20008768       0x3c ym/mbed-hal-st-stm32f4/source/mbed-hal-st-stm32f4.a(hal_tick.c.o)
                0x20008768                TimMasterHandle
 COMMON         0x200087a4        0x4 c:/etc/gnu-tools-arm-embedded/4.9-2015q2/bin/../lib/gcc/arm-none-eabi/4.9.3/../../../../arm-none-eabi/lib/armv7e-m\libc_nano.a(lib_a-reent.o)
                0x200087a4                errno
                0x200087a8                . = ALIGN (0x4)
                0x200087a8                __bss_end__ = .
                0x200087a8                _ebss = .

.heap           0x200087a8     0xf858
                0x200087a8                __end__ = .
                0x200087a8                end = __end__
 *(SORT(.heap*))
                0x20018000                . = (. + ((ORIGIN (RAM) + 0x17e6c) - .))
 *fill*         0x200087a8     0xf858 
                0x20018000                __HeapLimit = .
                0x0000f858                PROVIDE (__heap_size, SIZEOF (.heap))
                0x200087a8                PROVIDE (__mbed_sbrk_start, ADDR (.heap))
                0x20018000                PROVIDE (__mbed_krbs_start, (ADDR (.heap) + SIZEOF (.heap)))
OUTPUT(source/blinky elf32-littlearm)

.ARM.attributes
                0x00000000       0x2a
 .ARM.attributes
                0x00000000       0x1e c:/etc/gnu-tools-arm-embedded/4.9-2015q2/bin/../lib/gcc/arm-none-eabi/4.9.3/armv7e-m/crti.o
 .ARM.attributes
                0x0000001e       0x2e c:/etc/gnu-tools-arm-embedded/4.9-2015q2/bin/../lib/gcc/arm-none-eabi/4.9.3/armv7e-m/crtbegin.o
 .ARM.attributes
                0x0000004c       0x1c c:/etc/gnu-tools-arm-embedded/4.9-2015q2/bin/../lib/gcc/arm-none-eabi/4.9.3/../../../../arm-none-eabi/lib/armv7e-m/crt0.o
 .ARM.attributes
                0x00000068       0x33 source/CMakeFiles/blinky.dir/D_/Projects/blinky/source/app.cpp.o
 .ARM.attributes
                0x0000009b       0x33 ym/mbed-drivers/source/mbed-drivers.a(exit.c.o)
 .ARM.attributes
                0x000000ce       0x33 ym/mbed-drivers/source/mbed-drivers.a(gpio.c.o)
 .ARM.attributes
                0x00000101       0x33 ym/mbed-drivers/source/mbed-drivers.a(retarget.cpp.o)
 .ARM.attributes
                0x00000134       0x33 ym/mbed-drivers/source/mbed-drivers.a(board.c.o)
 .ARM.attributes
                0x00000167       0x33 ym/mbed-drivers/source/mbed-drivers.a(error.c.o)
 .ARM.attributes
                0x0000019a       0x33 ym/mbed-drivers/source/mbed-drivers.a(wait_api.c.o)
 .ARM.attributes
                0x000001cd       0x33 ym/minar/source/minar.a(minar.cpp.o)
 .ARM.attributes
                0x00000200       0x33 ym/core-util/source/core-util.a(PoolAllocator.cpp.o)
 .ARM.attributes
                0x00000233       0x33 ym/core-util/source/core-util.a(core-util_mbed_os.c.o)
 .ARM.attributes
                0x00000266       0x33 ym/core-util/source/core-util.a(ExtendablePoolAllocator.cpp.o)
 .ARM.attributes
                0x00000299       0x33 ym/mbed-hal-st-stm32f4/source/mbed-hal-st-stm32f4.a(us_ticker.c.o)
 .ARM.attributes
                0x000002cc       0x33 ym/mbed-hal-st-stm32f4/source/mbed-hal-st-stm32f4.a(hal_api.c.o)
 .ARM.attributes
                0x000002ff       0x33 ym/mbed-hal-st-stm32f4/source/mbed-hal-st-stm32f4.a(serial_api.c.o)
 .ARM.attributes
                0x00000332       0x33 ym/mbed-hal-st-stm32f4/source/mbed-hal-st-stm32f4.a(gpio_api.c.o)
 .ARM.attributes
                0x00000365       0x33 ym/mbed-hal-st-stm32f4/source/mbed-hal-st-stm32f4.a(hal_tick.c.o)
 .ARM.attributes
                0x00000398       0x33 ym/mbed-hal-st-stm32f4/source/mbed-hal-st-stm32f4.a(pinmap.c.o)
 .ARM.attributes
                0x000003cb       0x33 ym/minar-platform-mbed/source/minar-platform-mbed.a(mbed_platform.cpp.o)
 .ARM.attributes
                0x000003fe       0x33 ym/mbed-hal-st-stm32cubef4/source/mbed-hal-st-stm32cubef4.a(stm32f4xx_hal_tim.c.o)
 .ARM.attributes
                0x00000431       0x33 ym/mbed-hal-st-stm32cubef4/source/mbed-hal-st-stm32cubef4.a(stm32f4xx_hal_uart.c.o)
 .ARM.attributes
                0x00000464       0x33 ym/mbed-hal-st-stm32cubef4/source/mbed-hal-st-stm32cubef4.a(stm32f4xx_hal_gpio.c.o)
 .ARM.attributes
                0x00000497       0x33 ym/mbed-hal-st-stm32cubef4/source/mbed-hal-st-stm32cubef4.a(stm32f4xx_hal.c.o)
 .ARM.attributes
                0x000004ca       0x33 ym/mbed-hal-st-stm32cubef4/source/mbed-hal-st-stm32cubef4.a(stm32f4xx_hal_rcc.c.o)
 .ARM.attributes
                0x000004fd       0x33 ym/mbed-hal-st-stm32cubef4/source/mbed-hal-st-stm32cubef4.a(stm32f4xx_hal_cortex.c.o)
 .ARM.attributes
                0x00000530       0x33 ym/mbed-hal-st-stm32cubef4/source/mbed-hal-st-stm32cubef4.a(hal_init_pre.c.o)
 .ARM.attributes
                0x00000563       0x21 ym/mbed-hal-st-stm32f401re/source/mbed-hal-st-stm32f401re.a(startup_stm32f401xe.s.obj)
 .ARM.attributes
                0x00000584       0x33 ym/mbed-hal-st-stm32f401re/source/mbed-hal-st-stm32f401re.a(PeripheralPins.c.o)
 .ARM.attributes
                0x000005b7       0x33 ym/cmsis-core-stm32f401xe/source/cmsis-core-stm32f401xe.a(system_stm32f4xx.c.o)
 .ARM.attributes
                0x000005ea       0x33 ym/mbed-drivers/source/mbed-drivers.a(pinmap_common.c.o)
 .ARM.attributes
                0x0000061d       0x33 ym/mbed-drivers/source/mbed-drivers.a(us_ticker_api.c.o)
 .ARM.attributes
                0x00000650       0x33 ym/mbed-drivers/source/mbed-drivers.a(ticker_api.c.o)
 .ARM.attributes
                0x00000683       0x33 ym/cmsis-core/source/cmsis-core.a(cmsis_nvic.c.o)
 .ARM.attributes
                0x000006b6       0x33 ym/mbed-hal-st-stm32f4/source/mbed-hal-st-stm32f4.a(lp_ticker.c.o)
 .ARM.attributes
                0x000006e9       0x33 ym/mbed-hal-st-stm32f4/source/mbed-hal-st-stm32f4.a(sleep.c.o)
 .ARM.attributes
                0x0000071c       0x33 ym/mbed-hal-st-stm32cubef4/source/mbed-hal-st-stm32cubef4.a(stm32f4xx_hal_pwr.c.o)
 .ARM.attributes
                0x0000074f       0x33 ym/ualloc/source/ualloc.a(ualloc.c.o)
 .ARM.attributes
                0x00000782       0x33 ym/dlmalloc/source/dlmalloc.a(dlmalloc.c.o)
 .ARM.attributes
                0x000007b5       0x33 ym/uvisor-lib/source/uvisor-lib.a(unsupported.cpp.o)
 .ARM.attributes
                0x000007e8       0x2e c:/etc/gnu-tools-arm-embedded/4.9-2015q2/bin/../lib/gcc/arm-none-eabi/4.9.3/../../../../arm-none-eabi/lib/armv7e-m\libstdc++_nano.a(del_op.o)
 .ARM.attributes
                0x00000816       0x2e c:/etc/gnu-tools-arm-embedded/4.9-2015q2/bin/../lib/gcc/arm-none-eabi/4.9.3/../../../../arm-none-eabi/lib/armv7e-m\libstdc++_nano.a(new_op.o)
 .ARM.attributes
                0x00000844       0x2e c:/etc/gnu-tools-arm-embedded/4.9-2015q2/bin/../lib/gcc/arm-none-eabi/4.9.3/../../../../arm-none-eabi/lib/armv7e-m\libstdc++_nano.a(new_handler.o)
 .ARM.attributes
                0x00000872       0x1e c:/etc/gnu-tools-arm-embedded/4.9-2015q2/bin/../lib/gcc/arm-none-eabi/4.9.3/armv7e-m\libgcc.a(_aeabi_uldivmod.o)
 .ARM.attributes
                0x00000890       0x2e c:/etc/gnu-tools-arm-embedded/4.9-2015q2/bin/../lib/gcc/arm-none-eabi/4.9.3/armv7e-m\libgcc.a(bpabi.o)
 .ARM.attributes
                0x000008be       0x1e c:/etc/gnu-tools-arm-embedded/4.9-2015q2/bin/../lib/gcc/arm-none-eabi/4.9.3/armv7e-m\libgcc.a(_dvmd_tls.o)
 .ARM.attributes
                0x000008dc       0x2e c:/etc/gnu-tools-arm-embedded/4.9-2015q2/bin/../lib/gcc/arm-none-eabi/4.9.3/armv7e-m\libgcc.a(_divdi3.o)
 .ARM.attributes
                0x0000090a       0x2e c:/etc/gnu-tools-arm-embedded/4.9-2015q2/bin/../lib/gcc/arm-none-eabi/4.9.3/armv7e-m\libgcc.a(_udivdi3.o)
 .ARM.attributes
                0x00000938       0x2e c:/etc/gnu-tools-arm-embedded/4.9-2015q2/bin/../lib/gcc/arm-none-eabi/4.9.3/../../../../arm-none-eabi/lib/armv7e-m\libc_nano.a(lib_a-abort.o)
 .ARM.attributes
                0x00000966       0x2e c:/etc/gnu-tools-arm-embedded/4.9-2015q2/bin/../lib/gcc/arm-none-eabi/4.9.3/../../../../arm-none-eabi/lib/armv7e-m\libc_nano.a(lib_a-errno.o)
 .ARM.attributes
                0x00000994       0x2e c:/etc/gnu-tools-arm-embedded/4.9-2015q2/bin/../lib/gcc/arm-none-eabi/4.9.3/../../../../arm-none-eabi/lib/armv7e-m\libc_nano.a(lib_a-fflush.o)
 .ARM.attributes
                0x000009c2       0x2e c:/etc/gnu-tools-arm-embedded/4.9-2015q2/bin/../lib/gcc/arm-none-eabi/4.9.3/../../../../arm-none-eabi/lib/armv7e-m\libc_nano.a(lib_a-findfp.o)
 .ARM.attributes
                0x000009f0       0x2e c:/etc/gnu-tools-arm-embedded/4.9-2015q2/bin/../lib/gcc/arm-none-eabi/4.9.3/../../../../arm-none-eabi/lib/armv7e-m\libc_nano.a(lib_a-fprintf.o)
 .ARM.attributes
                0x00000a1e       0x2e c:/etc/gnu-tools-arm-embedded/4.9-2015q2/bin/../lib/gcc/arm-none-eabi/4.9.3/../../../../arm-none-eabi/lib/armv7e-m\libc_nano.a(lib_a-fwalk.o)
 .ARM.attributes
                0x00000a4c       0x2e c:/etc/gnu-tools-arm-embedded/4.9-2015q2/bin/../lib/gcc/arm-none-eabi/4.9.3/../../../../arm-none-eabi/lib/armv7e-m\libc_nano.a(lib_a-impure.o)
 .ARM.attributes
                0x00000a7a       0x2e c:/etc/gnu-tools-arm-embedded/4.9-2015q2/bin/../lib/gcc/arm-none-eabi/4.9.3/../../../../arm-none-eabi/lib/armv7e-m\libc_nano.a(lib_a-init.o)
 .ARM.attributes
                0x00000aa8       0x2e c:/etc/gnu-tools-arm-embedded/4.9-2015q2/bin/../lib/gcc/arm-none-eabi/4.9.3/../../../../arm-none-eabi/lib/armv7e-m\libc_nano.a(lib_a-malloc.o)
 .ARM.attributes
                0x00000ad6       0x2e c:/etc/gnu-tools-arm-embedded/4.9-2015q2/bin/../lib/gcc/arm-none-eabi/4.9.3/../../../../arm-none-eabi/lib/armv7e-m\libc_nano.a(lib_a-memset.o)
 .ARM.attributes
                0x00000b04       0x2e c:/etc/gnu-tools-arm-embedded/4.9-2015q2/bin/../lib/gcc/arm-none-eabi/4.9.3/../../../../arm-none-eabi/lib/armv7e-m\libc_nano.a(lib_a-nano-vfprintf.o)
 .ARM.attributes
                0x00000b32       0x2e c:/etc/gnu-tools-arm-embedded/4.9-2015q2/bin/../lib/gcc/arm-none-eabi/4.9.3/../../../../arm-none-eabi/lib/armv7e-m\libc_nano.a(lib_a-nano-vfprintf_i.o)
 .ARM.attributes
                0x00000b60       0x2e c:/etc/gnu-tools-arm-embedded/4.9-2015q2/bin/../lib/gcc/arm-none-eabi/4.9.3/../../../../arm-none-eabi/lib/armv7e-m\libc_nano.a(lib_a-printf.o)
 .ARM.attributes
                0x00000b8e       0x2e c:/etc/gnu-tools-arm-embedded/4.9-2015q2/bin/../lib/gcc/arm-none-eabi/4.9.3/../../../../arm-none-eabi/lib/armv7e-m\libc_nano.a(lib_a-signal.o)
 .ARM.attributes
                0x00000bbc       0x2e c:/etc/gnu-tools-arm-embedded/4.9-2015q2/bin/../lib/gcc/arm-none-eabi/4.9.3/../../../../arm-none-eabi/lib/armv7e-m\libc_nano.a(lib_a-signalr.o)
 .ARM.attributes
                0x00000bea       0x2e c:/etc/gnu-tools-arm-embedded/4.9-2015q2/bin/../lib/gcc/arm-none-eabi/4.9.3/../../../../arm-none-eabi/lib/armv7e-m\libc_nano.a(lib_a-stdio.o)
 .ARM.attributes
                0x00000c18       0x1c c:/etc/gnu-tools-arm-embedded/4.9-2015q2/bin/../lib/gcc/arm-none-eabi/4.9.3/../../../../arm-none-eabi/lib/armv7e-m\libc_nano.a(lib_a-strcmp.o)
 .ARM.attributes
                0x00000c34       0x2e c:/etc/gnu-tools-arm-embedded/4.9-2015q2/bin/../lib/gcc/arm-none-eabi/4.9.3/../../../../arm-none-eabi/lib/armv7e-m\libc_nano.a(lib_a-wbuf.o)
 .ARM.attributes
                0x00000c62       0x2e c:/etc/gnu-tools-arm-embedded/4.9-2015q2/bin/../lib/gcc/arm-none-eabi/4.9.3/../../../../arm-none-eabi/lib/armv7e-m\libc_nano.a(lib_a-writer.o)
 .ARM.attributes
                0x00000c90       0x2e c:/etc/gnu-tools-arm-embedded/4.9-2015q2/bin/../lib/gcc/arm-none-eabi/4.9.3/../../../../arm-none-eabi/lib/armv7e-m\libc_nano.a(lib_a-wsetup.o)
 .ARM.attributes
                0x00000cbe       0x2e c:/etc/gnu-tools-arm-embedded/4.9-2015q2/bin/../lib/gcc/arm-none-eabi/4.9.3/../../../../arm-none-eabi/lib/armv7e-m\libc_nano.a(lib_a-closer.o)
 .ARM.attributes
                0x00000cec       0x2e c:/etc/gnu-tools-arm-embedded/4.9-2015q2/bin/../lib/gcc/arm-none-eabi/4.9.3/../../../../arm-none-eabi/lib/armv7e-m\libc_nano.a(lib_a-lseekr.o)
 .ARM.attributes
                0x00000d1a       0x2e c:/etc/gnu-tools-arm-embedded/4.9-2015q2/bin/../lib/gcc/arm-none-eabi/4.9.3/../../../../arm-none-eabi/lib/armv7e-m\libc_nano.a(lib_a-makebuf.o)
 .ARM.attributes
                0x00000d48       0x2e c:/etc/gnu-tools-arm-embedded/4.9-2015q2/bin/../lib/gcc/arm-none-eabi/4.9.3/../../../../arm-none-eabi/lib/armv7e-m\libc_nano.a(lib_a-memchr.o)
 .ARM.attributes
                0x00000d76       0x2e c:/etc/gnu-tools-arm-embedded/4.9-2015q2/bin/../lib/gcc/arm-none-eabi/4.9.3/../../../../arm-none-eabi/lib/armv7e-m\libc_nano.a(lib_a-readr.o)
 .ARM.attributes
                0x00000da4       0x2e c:/etc/gnu-tools-arm-embedded/4.9-2015q2/bin/../lib/gcc/arm-none-eabi/4.9.3/../../../../arm-none-eabi/lib/armv7e-m\libc_nano.a(lib_a-reent.o)
 .ARM.attributes
                0x00000dd2       0x2e c:/etc/gnu-tools-arm-embedded/4.9-2015q2/bin/../lib/gcc/arm-none-eabi/4.9.3/../../../../arm-none-eabi/lib/armv7e-m\libc_nano.a(lib_a-fstatr.o)
 .ARM.attributes
                0x00000e00       0x2e c:/etc/gnu-tools-arm-embedded/4.9-2015q2/bin/../lib/gcc/arm-none-eabi/4.9.3/../../../../arm-none-eabi/lib/armv7e-m\libc_nano.a(lib_a-isattyr.o)
 .ARM.attributes
                0x00000e2e       0x33 ym/core-util/source/core-util.a(sbrk.cpp.o)
 .ARM.attributes
                0x00000e61       0x33 ym/ualloc/source/ualloc.a(malloc.c.o)
 .ARM.attributes
                0x00000e94       0x2e c:/etc/gnu-tools-arm-embedded/4.9-2015q2/bin/../lib/gcc/arm-none-eabi/4.9.3/armv7e-m/crtend.o
 .ARM.attributes
                0x00000ec2       0x1e c:/etc/gnu-tools-arm-embedded/4.9-2015q2/bin/../lib/gcc/arm-none-eabi/4.9.3/armv7e-m/crtn.o

.comment        0x00000000       0x70
 .comment       0x00000000       0x70 source/CMakeFiles/blinky.dir/D_/Projects/blinky/source/app.cpp.o
                                 0x71 (size before relaxing)
 .comment       0x00000000       0x71 ym/mbed-drivers/source/mbed-drivers.a(exit.c.o)
 .comment       0x00000000       0x71 ym/mbed-drivers/source/mbed-drivers.a(gpio.c.o)
 .comment       0x00000000       0x71 ym/mbed-drivers/source/mbed-drivers.a(retarget.cpp.o)
 .comment       0x00000000       0x71 ym/mbed-drivers/source/mbed-drivers.a(board.c.o)
 .comment       0x00000000       0x71 ym/mbed-drivers/source/mbed-drivers.a(error.c.o)
 .comment       0x00000000       0x71 ym/mbed-drivers/source/mbed-drivers.a(wait_api.c.o)
 .comment       0x00000000       0x71 ym/minar/source/minar.a(minar.cpp.o)
 .comment       0x00000000       0x71 ym/core-util/source/core-util.a(PoolAllocator.cpp.o)
 .comment       0x00000000       0x71 ym/core-util/source/core-util.a(core-util_mbed_os.c.o)
 .comment       0x00000000       0x71 ym/core-util/source/core-util.a(ExtendablePoolAllocator.cpp.o)
 .comment       0x00000000       0x71 ym/mbed-hal-st-stm32f4/source/mbed-hal-st-stm32f4.a(us_ticker.c.o)
 .comment       0x00000000       0x71 ym/mbed-hal-st-stm32f4/source/mbed-hal-st-stm32f4.a(hal_api.c.o)
 .comment       0x00000000       0x71 ym/mbed-hal-st-stm32f4/source/mbed-hal-st-stm32f4.a(serial_api.c.o)
 .comment       0x00000000       0x71 ym/mbed-hal-st-stm32f4/source/mbed-hal-st-stm32f4.a(gpio_api.c.o)
 .comment       0x00000000       0x71 ym/mbed-hal-st-stm32f4/source/mbed-hal-st-stm32f4.a(hal_tick.c.o)
 .comment       0x00000000       0x71 ym/mbed-hal-st-stm32f4/source/mbed-hal-st-stm32f4.a(pinmap.c.o)
 .comment       0x00000000       0x71 ym/minar-platform-mbed/source/minar-platform-mbed.a(mbed_platform.cpp.o)
 .comment       0x00000000       0x71 ym/mbed-hal-st-stm32cubef4/source/mbed-hal-st-stm32cubef4.a(stm32f4xx_hal_tim.c.o)
 .comment       0x00000000       0x71 ym/mbed-hal-st-stm32cubef4/source/mbed-hal-st-stm32cubef4.a(stm32f4xx_hal_uart.c.o)
 .comment       0x00000000       0x71 ym/mbed-hal-st-stm32cubef4/source/mbed-hal-st-stm32cubef4.a(stm32f4xx_hal_gpio.c.o)
 .comment       0x00000000       0x71 ym/mbed-hal-st-stm32cubef4/source/mbed-hal-st-stm32cubef4.a(stm32f4xx_hal.c.o)
 .comment       0x00000000       0x71 ym/mbed-hal-st-stm32cubef4/source/mbed-hal-st-stm32cubef4.a(stm32f4xx_hal_rcc.c.o)
 .comment       0x00000000       0x71 ym/mbed-hal-st-stm32cubef4/source/mbed-hal-st-stm32cubef4.a(stm32f4xx_hal_cortex.c.o)
 .comment       0x00000000       0x71 ym/mbed-hal-st-stm32cubef4/source/mbed-hal-st-stm32cubef4.a(hal_init_pre.c.o)
 .comment       0x00000000       0x71 ym/mbed-hal-st-stm32f401re/source/mbed-hal-st-stm32f401re.a(PeripheralPins.c.o)
 .comment       0x00000000       0x71 ym/cmsis-core-stm32f401xe/source/cmsis-core-stm32f401xe.a(system_stm32f4xx.c.o)
 .comment       0x00000000       0x71 ym/mbed-drivers/source/mbed-drivers.a(pinmap_common.c.o)
 .comment       0x00000000       0x71 ym/mbed-drivers/source/mbed-drivers.a(us_ticker_api.c.o)
 .comment       0x00000000       0x71 ym/mbed-drivers/source/mbed-drivers.a(ticker_api.c.o)
 .comment       0x00000000       0x71 ym/cmsis-core/source/cmsis-core.a(cmsis_nvic.c.o)
 .comment       0x00000000       0x71 ym/mbed-hal-st-stm32f4/source/mbed-hal-st-stm32f4.a(lp_ticker.c.o)
 .comment       0x00000000       0x71 ym/mbed-hal-st-stm32f4/source/mbed-hal-st-stm32f4.a(sleep.c.o)
 .comment       0x00000000       0x71 ym/mbed-hal-st-stm32cubef4/source/mbed-hal-st-stm32cubef4.a(stm32f4xx_hal_pwr.c.o)
 .comment       0x00000000       0x71 ym/ualloc/source/ualloc.a(ualloc.c.o)
 .comment       0x00000000       0x71 ym/dlmalloc/source/dlmalloc.a(dlmalloc.c.o)
 .comment       0x00000000       0x71 ym/uvisor-lib/source/uvisor-lib.a(unsupported.cpp.o)
 .comment       0x00000000       0x71 ym/core-util/source/core-util.a(sbrk.cpp.o)
 .comment       0x00000000       0x71 ym/ualloc/source/ualloc.a(malloc.c.o)

.debug_info     0x00000000    0x24e3b
 .debug_info    0x00000000     0x2caa source/CMakeFiles/blinky.dir/D_/Projects/blinky/source/app.cpp.o
 .debug_info    0x00002caa      0x91a ym/mbed-drivers/source/mbed-drivers.a(exit.c.o)
 .debug_info    0x000035c4      0xc14 ym/mbed-drivers/source/mbed-drivers.a(gpio.c.o)
 .debug_info    0x000041d8     0x406f ym/mbed-drivers/source/mbed-drivers.a(retarget.cpp.o)
 .debug_info    0x00008247      0x10d ym/mbed-drivers/source/mbed-drivers.a(board.c.o)
 .debug_info    0x00008354      0x975 ym/mbed-drivers/source/mbed-drivers.a(error.c.o)
 .debug_info    0x00008cc9      0x185 ym/mbed-drivers/source/mbed-drivers.a(wait_api.c.o)
 .debug_info    0x00008e4e     0x4466 ym/minar/source/minar.a(minar.cpp.o)
 .debug_info    0x0000d2b4      0x8d6 ym/core-util/source/core-util.a(PoolAllocator.cpp.o)
 .debug_info    0x0000db8a      0xac2 ym/core-util/source/core-util.a(core-util_mbed_os.c.o)
 .debug_info    0x0000e64c      0xdb4 ym/core-util/source/core-util.a(ExtendablePoolAllocator.cpp.o)
 .debug_info    0x0000f400      0x659 ym/mbed-hal-st-stm32f4/source/mbed-hal-st-stm32f4.a(us_ticker.c.o)
 .debug_info    0x0000fa59      0x117 ym/mbed-hal-st-stm32f4/source/mbed-hal-st-stm32f4.a(hal_api.c.o)
 .debug_info    0x0000fb70     0x1da3 ym/mbed-hal-st-stm32f4/source/mbed-hal-st-stm32f4.a(serial_api.c.o)
 .debug_info    0x00011913      0x8e5 ym/mbed-hal-st-stm32f4/source/mbed-hal-st-stm32f4.a(gpio_api.c.o)
 .debug_info    0x000121f8      0xca7 ym/mbed-hal-st-stm32f4/source/mbed-hal-st-stm32f4.a(hal_tick.c.o)
 .debug_info    0x00012e9f      0xc2c ym/mbed-hal-st-stm32f4/source/mbed-hal-st-stm32f4.a(pinmap.c.o)
 .debug_info    0x00013acb      0x9e4 ym/minar-platform-mbed/source/minar-platform-mbed.a(mbed_platform.cpp.o)
 .debug_info    0x000144af     0x3532 ym/mbed-hal-st-stm32cubef4/source/mbed-hal-st-stm32cubef4.a(stm32f4xx_hal_tim.c.o)
 .debug_info    0x000179e1     0x1281 ym/mbed-hal-st-stm32cubef4/source/mbed-hal-st-stm32cubef4.a(stm32f4xx_hal_uart.c.o)
 .debug_info    0x00018c62      0x728 ym/mbed-hal-st-stm32cubef4/source/mbed-hal-st-stm32cubef4.a(stm32f4xx_hal_gpio.c.o)
 .debug_info    0x0001938a      0x95e ym/mbed-hal-st-stm32cubef4/source/mbed-hal-st-stm32cubef4.a(stm32f4xx_hal.c.o)
 .debug_info    0x00019ce8     0x1066 ym/mbed-hal-st-stm32cubef4/source/mbed-hal-st-stm32cubef4.a(stm32f4xx_hal_rcc.c.o)
 .debug_info    0x0001ad4e      0xc6f ym/mbed-hal-st-stm32cubef4/source/mbed-hal-st-stm32cubef4.a(stm32f4xx_hal_cortex.c.o)
 .debug_info    0x0001b9bd      0x125 ym/mbed-hal-st-stm32cubef4/source/mbed-hal-st-stm32cubef4.a(hal_init_pre.c.o)
 .debug_info    0x0001bae2       0xb6 ym/mbed-hal-st-stm32f401re/source/mbed-hal-st-stm32f401re.a(startup_stm32f401xe.s.obj)
 .debug_info    0x0001bb98      0x85d ym/mbed-hal-st-stm32f401re/source/mbed-hal-st-stm32f401re.a(PeripheralPins.c.o)
 .debug_info    0x0001c3f5      0x8a7 ym/cmsis-core-stm32f401xe/source/cmsis-core-stm32f401xe.a(system_stm32f4xx.c.o)
 .debug_info    0x0001cc9c      0x8f0 ym/mbed-drivers/source/mbed-drivers.a(pinmap_common.c.o)
 .debug_info    0x0001d58c      0x2a7 ym/mbed-drivers/source/mbed-drivers.a(us_ticker_api.c.o)
 .debug_info    0x0001d833      0x3da ym/mbed-drivers/source/mbed-drivers.a(ticker_api.c.o)
 .debug_info    0x0001dc0d      0x4a5 ym/cmsis-core/source/cmsis-core.a(cmsis_nvic.c.o)
 .debug_info    0x0001e0b2      0xdbd ym/mbed-hal-st-stm32f4/source/mbed-hal-st-stm32f4.a(lp_ticker.c.o)
 .debug_info    0x0001ee6f      0x608 ym/mbed-hal-st-stm32f4/source/mbed-hal-st-stm32f4.a(sleep.c.o)
 .debug_info    0x0001f477      0x9f6 ym/mbed-hal-st-stm32cubef4/source/mbed-hal-st-stm32cubef4.a(stm32f4xx_hal_pwr.c.o)
 .debug_info    0x0001fe6d      0x41d ym/ualloc/source/ualloc.a(ualloc.c.o)
 .debug_info    0x0002028a     0x393c ym/dlmalloc/source/dlmalloc.a(dlmalloc.c.o)
 .debug_info    0x00023bc6       0xee ym/uvisor-lib/source/uvisor-lib.a(unsupported.cpp.o)